Component: ARM Compiler 5.06 update 5 (build 528) Tool: armlink [4d35e2]

==============================================================================

Section Cross References

    system_stm32f4xx.o(i.SystemCoreClockUpdate) refers to system_stm32f4xx.o(.data) for SystemCoreClock
    system_stm32f4xx.o(i.SystemInit) refers to system_stm32f4xx.o(i.SetSysClock) for SetSysClock
    startup_stm32f405xx.o(RESET) refers to startup_stm32f405xx.o(STACK) for __initial_sp
    startup_stm32f405xx.o(RESET) refers to startup_stm32f405xx.o(.text) for Reset_Handler
    startup_stm32f405xx.o(RESET) refers to stm32f4xx_it.o(i.NMI_Handler) for NMI_Handler
    startup_stm32f405xx.o(RESET) refers to stm32f4xx_it.o(i.HardFault_Handler) for HardFault_Handler
    startup_stm32f405xx.o(RESET) refers to stm32f4xx_it.o(i.MemManage_Handler) for MemManage_Handler
    startup_stm32f405xx.o(RESET) refers to stm32f4xx_it.o(i.BusFault_Handler) for BusFault_Handler
    startup_stm32f405xx.o(RESET) refers to stm32f4xx_it.o(i.UsageFault_Handler) for UsageFault_Handler
    startup_stm32f405xx.o(RESET) refers to stm32f4xx_it.o(i.SVC_Handler) for SVC_Handler
    startup_stm32f405xx.o(RESET) refers to stm32f4xx_it.o(i.DebugMon_Handler) for DebugMon_Handler
    startup_stm32f405xx.o(RESET) refers to stm32f4xx_it.o(i.PendSV_Handler) for PendSV_Handler
    startup_stm32f405xx.o(RESET) refers to stm32f4xx_it.o(i.SysTick_Handler) for SysTick_Handler
    startup_stm32f405xx.o(RESET) refers to serial.o(i.DMA1_Stream6_IRQHandler) for DMA1_Stream6_IRQHandler
    startup_stm32f405xx.o(RESET) refers to adc.o(i.ADC_IRQHandler) for ADC_IRQHandler
    startup_stm32f405xx.o(RESET) refers to serial.o(i.USART1_IRQHandler) for USART1_IRQHandler
    startup_stm32f405xx.o(RESET) refers to serial.o(i.USART2_IRQHandler) for USART2_IRQHandler
    startup_stm32f405xx.o(RESET) refers to serial.o(i.UART5_IRQHandler) for UART5_IRQHandler
    startup_stm32f405xx.o(RESET) refers to tim.o(i.TIM6_DAC_IRQHandler) for TIM6_DAC_IRQHandler
    startup_stm32f405xx.o(RESET) refers to tim.o(i.TIM7_IRQHandler) for TIM7_IRQHandler
    startup_stm32f405xx.o(RESET) refers to adc.o(i.DMA2_Stream0_IRQHandler) for DMA2_Stream0_IRQHandler
    startup_stm32f405xx.o(RESET) refers to dshot.o(i.DMA2_Stream2_IRQHandler) for DMA2_Stream2_IRQHandler
    startup_stm32f405xx.o(RESET) refers to dshot.o(i.DMA2_Stream3_IRQHandler) for DMA2_Stream3_IRQHandler
    startup_stm32f405xx.o(RESET) refers to dshot.o(i.DMA2_Stream4_IRQHandler) for DMA2_Stream4_IRQHandler
    startup_stm32f405xx.o(RESET) refers to dshot.o(i.DMA2_Stream7_IRQHandler) for DMA2_Stream7_IRQHandler
    startup_stm32f405xx.o(.text) refers to system_stm32f4xx.o(i.SystemInit) for SystemInit
    startup_stm32f405xx.o(.text) refers to entry.o(.ARM.Collect$$$$00000000) for __main
    stm32f4xx_adc.o(i.ADC_DeInit) refers to stm32f4xx_rcc.o(i.RCC_APB2PeriphResetCmd) for RCC_APB2PeriphResetCmd
    stm32f4xx_can.o(i.CAN_DeInit) refers to stm32f4xx_rcc.o(i.RCC_APB1PeriphResetCmd) for RCC_APB1PeriphResetCmd
    stm32f4xx_can.o(i.CAN_GetITStatus) refers to stm32f4xx_can.o(i.CheckITStatus) for CheckITStatus
    stm32f4xx_cryp.o(i.CRYP_DeInit) refers to stm32f4xx_rcc.o(i.RCC_AHB2PeriphResetCmd) for RCC_AHB2PeriphResetCmd
    stm32f4xx_cryp_aes.o(i.CRYP_AES_CBC) refers to stm32f4xx_cryp.o(i.CRYP_KeyStructInit) for CRYP_KeyStructInit
    stm32f4xx_cryp_aes.o(i.CRYP_AES_CBC) refers to stm32f4xx_cryp.o(i.CRYP_FIFOFlush) for CRYP_FIFOFlush
    stm32f4xx_cryp_aes.o(i.CRYP_AES_CBC) refers to stm32f4xx_cryp.o(i.CRYP_Init) for CRYP_Init
    stm32f4xx_cryp_aes.o(i.CRYP_AES_CBC) refers to stm32f4xx_cryp.o(i.CRYP_KeyInit) for CRYP_KeyInit
    stm32f4xx_cryp_aes.o(i.CRYP_AES_CBC) refers to stm32f4xx_cryp.o(i.CRYP_Cmd) for CRYP_Cmd
    stm32f4xx_cryp_aes.o(i.CRYP_AES_CBC) refers to stm32f4xx_cryp.o(i.CRYP_GetFlagStatus) for CRYP_GetFlagStatus
    stm32f4xx_cryp_aes.o(i.CRYP_AES_CBC) refers to stm32f4xx_cryp.o(i.CRYP_IVInit) for CRYP_IVInit
    stm32f4xx_cryp_aes.o(i.CRYP_AES_CBC) refers to stm32f4xx_cryp.o(i.CRYP_GetCmdStatus) for CRYP_GetCmdStatus
    stm32f4xx_cryp_aes.o(i.CRYP_AES_CBC) refers to stm32f4xx_cryp.o(i.CRYP_DataIn) for CRYP_DataIn
    stm32f4xx_cryp_aes.o(i.CRYP_AES_CBC) refers to stm32f4xx_cryp.o(i.CRYP_DataOut) for CRYP_DataOut
    stm32f4xx_cryp_aes.o(i.CRYP_AES_CCM) refers to stm32f4xx_cryp.o(i.CRYP_KeyStructInit) for CRYP_KeyStructInit
    stm32f4xx_cryp_aes.o(i.CRYP_AES_CCM) refers to stm32f4xx_cryp.o(i.CRYP_FIFOFlush) for CRYP_FIFOFlush
    stm32f4xx_cryp_aes.o(i.CRYP_AES_CCM) refers to stm32f4xx_cryp.o(i.CRYP_KeyInit) for CRYP_KeyInit
    stm32f4xx_cryp_aes.o(i.CRYP_AES_CCM) refers to stm32f4xx_cryp.o(i.CRYP_IVInit) for CRYP_IVInit
    stm32f4xx_cryp_aes.o(i.CRYP_AES_CCM) refers to stm32f4xx_cryp.o(i.CRYP_Init) for CRYP_Init
    stm32f4xx_cryp_aes.o(i.CRYP_AES_CCM) refers to stm32f4xx_cryp.o(i.CRYP_PhaseConfig) for CRYP_PhaseConfig
    stm32f4xx_cryp_aes.o(i.CRYP_AES_CCM) refers to stm32f4xx_cryp.o(i.CRYP_DataIn) for CRYP_DataIn
[...]
    i.CheckRange                             0x08000b16   Section        0  wit_c_sdk.o(i.CheckRange)
    i.CmdProcess                             0x08000b28   Section        0  wit_c_sdk.o(i.CmdProcess)
    CmdProcess                               0x08000b29   Thumb Code   230  wit_c_sdk.o(i.CmdProcess)
    i.CopeWitData                            0x08000c84   Section        0  wit_c_sdk.o(i.CopeWitData)
    CopeWitData                              0x08000c85   Thumb Code   222  wit_c_sdk.o(i.CopeWitData)
    i.Custom_CRC4                            0x08000d70   Section        0  dshot.o(i.Custom_CRC4)
    Custom_CRC4                              0x08000d71   Thumb Code    26  dshot.o(i.Custom_CRC4)
    i.DMA1_Stream6_IRQHandler                0x08000d8c   Section        0  serial.o(i.DMA1_Stream6_IRQHandler)
    i.DMA2_Stream0_IRQHandler                0x08000dc8   Section        0  adc.o(i.DMA2_Stream0_IRQHandler)
    i.DMA2_Stream2_IRQHandler                0x08000e00   Section        0  dshot.o(i.DMA2_Stream2_IRQHandler)
    i.DMA2_Stream3_IRQHandler                0x08000e20   Section        0  dshot.o(i.DMA2_Stream3_IRQHandler)
    i.DMA2_Stream4_IRQHandler                0x08000e40   Section        0  dshot.o(i.DMA2_Stream4_IRQHandler)
    i.DMA2_Stream7_IRQHandler                0x08000e60   Section        0  dshot.o(i.DMA2_Stream7_IRQHandler)
    i.DMA_ClearITPendingBit                  0x08000e80   Section        0  stm32f4xx_dma.o(i.DMA_ClearITPendingBit)
    i.DMA_Cmd                                0x08000eb4   Section        0  stm32f4xx_dma.o(i.DMA_Cmd)
    i.DMA_DeInit                             0x08000ecc   Section        0  stm32f4xx_dma.o(i.DMA_DeInit)
    i.DMA_GetCmdStatus                       0x08001024   Section        0  stm32f4xx_dma.o(i.DMA_GetCmdStatus)
    i.DMA_GetITStatus                        0x08001038   Section        0  stm32f4xx_dma.o(i.DMA_GetITStatus)
    i.DMA_ITConfig                           0x0800109c   Section        0  stm32f4xx_dma.o(i.DMA_ITConfig)
    i.DMA_Init                               0x080010d8   Section        0  stm32f4xx_dma.o(i.DMA_Init)
    i.DMA_SetCurrDataCounter                 0x08001130   Section        0  stm32f4xx_dma.o(i.DMA_SetCurrDataCounter)
    i.DShot_BuildFrame                       0x08001134   Section        0  dshot.o(i.DShot_BuildFrame)
    DShot_BuildFrame                         0x08001135   Thumb Code    28  dshot.o(i.DShot_BuildFrame)
    i.DShot_FillDMABuffer                    0x08001150   Section        0  dshot.o(i.DShot_FillDMABuffer)
    DShot_FillDMABuffer                      0x08001151   Thumb Code    60  dshot.o(i.DShot_FillDMABuffer)
    i.DShot_Init                             0x0800118c   Section        0  dshot.o(i.DShot_Init)
    i.DShot_UpdateAllChannels                0x08001328   Section        0  dshot.o(i.DShot_UpdateAllChannels)
    i.DebugMon_Handler                       0x080013c8   Section        0  stm32f4xx_it.o(i.DebugMon_Handler)
    i.Debug_Init                             0x080013cc   Section        0  debug_output.o(i.Debug_Init)
    i.Debug_Process                          0x080013ec   Section        0  debug_output.o(i.Debug_Process)
    i.DelayMs_Callback                       0x08001444   Section        0  wit_c_sdk.o(i.DelayMs_Callback)
    DelayMs_Callback                         0x08001445   Thumb Code    12  wit_c_sdk.o(i.DelayMs_Callback)
    i.Delay_ms                               0x08001450   Section        0  delay.o(i.Delay_ms)
    i.Delay_us                               0x08001468   Section        0  delay.o(i.Delay_us)
    i.GPIO_Init                              0x08001498   Section        0  stm32f4xx_gpio.o(i.GPIO_Init)
    i.GPIO_PinAFConfig                       0x08001528   Section        0  stm32f4xx_gpio.o(i.GPIO_PinAFConfig)
    i.GPIO_ResetBits                         0x0800156e   Section        0  stm32f4xx_gpio.o(i.GPIO_ResetBits)
    i.GPIO_SetBits                           0x08001572   Section        0  stm32f4xx_gpio.o(i.GPIO_SetBits)
    i.GPIO_ToggleBits                        0x08001576   Section        0  stm32f4xx_gpio.o(i.GPIO_ToggleBits)
    i.HardFault_Handler                      0x0800157e   Section        0  stm32f4xx_it.o(i.HardFault_Handler)
    i.Imu_Printf                             0x08001584   Section        0  wit_c_sdk.o(i.Imu_Printf)
    Imu_Printf                               0x08001585   Thumb Code    46  wit_c_sdk.o(i.Imu_Printf)
    i.LED_blink_handler                      0x080015b8   Section        0  led.o(i.LED_blink_handler)
    i.LED_heartbeat_sync                     0x080015dc   Section        0  led.o(i.LED_heartbeat_sync)
    i.LED_init                               0x080015e4   Section        0  led.o(i.LED_init)
    i.LED_off                                0x0800161c   Section        0  led.o(i.LED_off)
    i.LED_on                                 0x0800162c   Section        0  led.o(i.LED_on)
    i.LED_toggle                             0x0800163c   Section        0  led.o(i.LED_toggle)
    i.MYDMA_Config                           0x0800164c   Section        0  tim.o(i.MYDMA_Config)
    i.MemManage_Handler                      0x08001808   Section        0  stm32f4xx_it.o(i.MemManage_Handler)
    i.NMI_Handler                            0x0800180c   Section        0  stm32f4xx_it.o(i.NMI_Handler)
    i.NVIC_Init                              0x08001810   Section        0  misc.o(i.NVIC_Init)
    i.NVIC_PriorityGroupConfig               0x08001888   Section        0  misc.o(i.NVIC_PriorityGroupConfig)
    i.NVIC_SetPriority                       0x0800189c   Section        0  delay.o(i.NVIC_SetPriority)
    NVIC_SetPriority                         0x0800189d   Thumb Code    32  delay.o(i.NVIC_SetPriority)
    i.PendSV_Handler                         0x080018c4   Section        0  stm32f4xx_it.o(i.PendSV_Handler)
    i.RCC_AHB1PeriphClockCmd                 0x080018c8   Section        0  stm32f4xx_rcc.o(i.RCC_AHB1PeriphClockCmd)
    i.RCC_APB1PeriphClockCmd                 0x080018e8   Section        0  stm32f4xx_rcc.o(i.RCC_APB1PeriphClockCmd)
    i.RCC_APB2PeriphClockCmd                 0x08001908   Section        0  stm32f4xx_rcc.o(i.RCC_APB2PeriphClockCmd)
    i.RCC_GetClocksFreq                      0x08001928   Section        0  stm32f4xx_rcc.o(i.RCC_GetClocksFreq)
    i.SVC_Handler                            0x08001a0c   Section        0  stm32f4xx_it.o(i.SVC_Handler)
    i.SensorDataUpdata                       0x08001a10   Section        0  wit_c_sdk.o(i.SensorDataUpdata)
    SensorDataUpdata                         0x08001a11   Thumb Code    88  wit_c_sdk.o(i.SensorDataUpdata)
    i.SensorUartSend                         0x08001a6c   Section        0  wit_c_sdk.o(i.SensorUartSend)
    SensorUartSend                           0x08001a6d   Thumb Code    16  wit_c_sdk.o(i.SensorUartSend)
    i.Serial_Printf                          0x08001a7c   Section        0  serial.o(i.Serial_Printf)
    i.Serial_SendByte                        0x08001aa0   Section        0  serial.o(i.Serial_SendByte)
    i.Serial_SendString                      0x08001ac0   Section        0  serial.o(i.Serial_SendString)
    i.SetSysClock                            0x08001adc   Section        0  system_stm32f4xx.o(i.SetSysClock)
    SetSysClock                              0x08001add   Thumb Code   220  system_stm32f4xx.o(i.SetSysClock)
    i.SysTick_Handler                        0x08001bc8   Section        0  stm32f4xx_it.o(i.SysTick_Handler)
    i.SystemInit                             0x08001bd0   Section        0  system_stm32f4xx.o(i.SystemInit)
    i.TIM6_DAC_IRQHandler                    0x08001c38   Section        0  tim.o(i.TIM6_DAC_IRQHandler)
    i.TIM6_Init                              0x08001c6c   Section        0  tim.o(i.TIM6_Init)
    i.TIM7_IRQHandler                        0x08001ccc   Section        0  tim.o(i.TIM7_IRQHandler)
    i.TIM7_Init                              0x08001cec   Section        0  tim.o(i.TIM7_Init)
    i.TIM8_PWM_Init                          0x08001d4c   Section        0  tim.o(i.TIM8_PWM_Init)
    i.TIM_ARRPreloadConfig                   0x08001e60   Section        0  stm32f4xx_tim.o(i.TIM_ARRPreloadConfig)
    i.TIM_BDTRConfig                         0x08001e78   Section        0  stm32f4xx_tim.o(i.TIM_BDTRConfig)
    i.TIM_BDTRStructInit                     0x08001e98   Section        0  stm32f4xx_tim.o(i.TIM_BDTRStructInit)
    i.TIM_ClearITPendingBit                  0x08001eaa   Section        0  stm32f4xx_tim.o(i.TIM_ClearITPendingBit)
    i.TIM_Cmd                                0x08001eb0   Section        0  stm32f4xx_tim.o(i.TIM_Cmd)
    i.TIM_CtrlPWMOutputs                     0x08001ec8   Section        0  stm32f4xx_tim.o(i.TIM_CtrlPWMOutputs)
    i.TIM_DMACmd                             0x08001ee6   Section        0  stm32f4xx_tim.o(i.TIM_DMACmd)
    i.TIM_GetITStatus                        0x08001ef8   Section        0  stm32f4xx_tim.o(i.TIM_GetITStatus)
    i.TIM_ITConfig                           0x08001f1a   Section        0  stm32f4xx_tim.o(i.TIM_ITConfig)
    i.TIM_OC1Init                            0x08001f2c   Section        0  stm32f4xx_tim.o(i.TIM_OC1Init)
    i.TIM_OC1PreloadConfig                   0x08001fa8   Section        0  stm32f4xx_tim.o(i.TIM_OC1PreloadConfig)
    i.TIM_OC2Init                            0x08001fbc   Section        0  stm32f4xx_tim.o(i.TIM_OC2Init)
    i.TIM_OC2PreloadConfig                   0x08002060   Section        0  stm32f4xx_tim.o(i.TIM_OC2PreloadConfig)
    i.TIM_OC3Init                            0x0800207c   Section        0  stm32f4xx_tim.o(i.TIM_OC3Init)
    i.TIM_OC3PreloadConfig                   0x0800211c   Section        0  stm32f4xx_tim.o(i.TIM_OC3PreloadConfig)
    i.TIM_OC4Init                            0x08002130   Section        0  stm32f4xx_tim.o(i.TIM_OC4Init)
    i.TIM_OC4PreloadConfig                   0x080021a8   Section        0  stm32f4xx_tim.o(i.TIM_OC4PreloadConfig)
    i.TIM_OCStructInit                       0x080021c2   Section        0  stm32f4xx_tim.o(i.TIM_OCStructInit)
    i.TIM_TimeBaseInit                       0x080021d8   Section        0  stm32f4xx_tim.o(i.TIM_TimeBaseInit)
    i.UART5_IRQHandler                       0x0800225c   Section        0  serial.o(i.UART5_IRQHandler)
    i.UART5_Init                             0x08002280   Section        0  serial.o(i.UART5_Init)
    i.UART5_SendData                         0x08002370   Section        0  serial.o(i.UART5_SendData)
    i.USART1_IRQHandler                      0x080023ac   Section        0  serial.o(i.USART1_IRQHandler)
    i.USART1_Init                            0x080023e4   Section        0  serial.o(i.USART1_Init)
    i.USART2_DMA_Init                        0x08002498   Section        0  serial.o(i.USART2_DMA_Init)
    i.USART2_DMA_Send                        0x08002530   Section        0  serial.o(i.USART2_DMA_Send)
    i.USART2_DMA_Send_Next                   0x080025b8   Section        0  serial.o(i.USART2_DMA_Send_Next)
    USART2_DMA_Send_Next                     0x080025b9   Thumb Code   142  serial.o(i.USART2_DMA_Send_Next)
    i.USART2_IRQHandler                      0x08002664   Section        0  serial.o(i.USART2_IRQHandler)
    i.USART2_Init                            0x08002688   Section        0  serial.o(i.USART2_Init)
    i.USART_Cmd                              0x08002738   Section        0  stm32f4xx_usart.o(i.USART_Cmd)
    i.USART_DMACmd                           0x08002750   Section        0  stm32f4xx_usart.o(i.USART_DMACmd)
    i.USART_GetFlagStatus                    0x08002762   Section        0  stm32f4xx_usart.o(i.USART_GetFlagStatus)
    i.USART_GetITStatus                      0x0800277c   Section        0  stm32f4xx_usart.o(i.USART_GetITStatus)
    i.USART_ITConfig                         0x080027d0   Section        0  stm32f4xx_usart.o(i.USART_ITConfig)
    i.USART_Init                             0x0800281c   Section        0  stm32f4xx_usart.o(i.USART_Init)
    i.USART_ReceiveData                      0x080028f0   Section        0  stm32f4xx_usart.o(i.USART_ReceiveData)
    i.USART_SendData                         0x080028fa   Section        0  stm32f4xx_usart.o(i.USART_SendData)
    i.UsageFault_Handler                     0x08002902   Section        0  stm32f4xx_it.o(i.UsageFault_Handler)
    i.WitDelayMsRegister                     0x08002908   Section        0  wit_c_sdk.o(i.WitDelayMsRegister)
    i.WitImu_CmdProcess                      0x08002920   Section        0  wit_c_sdk.o(i.WitImu_CmdProcess)
    i.WitImu_CopeCmdData                     0x08002930   Section        0  wit_c_sdk.o(i.WitImu_CopeCmdData)
    i.WitImu_DataIn                          0x080029b0   Section        0  wit_c_sdk.o(i.WitImu_DataIn)
    i.WitImu_GetData                         0x080029bc   Section        0  wit_c_sdk.o(i.WitImu_GetData)
    i.WitImu_Init                            0x08002c80   Section        0  wit_c_sdk.o(i.WitImu_Init)
    i.WitImu_Print                           0x08002d1c   Section        0  wit_c_sdk.o(i.WitImu_Print)
    WitImu_Print                             0x08002d1d   Thumb Code    14  wit_c_sdk.o(i.WitImu_Print)
    i.WitImu_RegisterPrintCb                 0x08002d30   Section        0  wit_c_sdk.o(i.WitImu_RegisterPrintCb)
    i.WitImu_ShowHelp                        0x08002d3c   Section        0  wit_c_sdk.o(i.WitImu_ShowHelp)
    i.WitInit                                0x08002f54   Section        0  wit_c_sdk.o(i.WitInit)
    i.WitRegisterCallBack                    0x08002f80   Section        0  wit_c_sdk.o(i.WitRegisterCallBack)
    i.WitSerialDataIn                        0x08002f98   Section        0  wit_c_sdk.o(i.WitSerialDataIn)
    i.WitSerialWriteRegister                 0x08003180   Section        0  wit_c_sdk.o(i.WitSerialWriteRegister)
    i.WitSetBandwidth                        0x08003198   Section        0  wit_c_sdk.o(i.WitSetBandwidth)
    i.WitSetContent                          0x080031fc   Section        0  wit_c_sdk.o(i.WitSetContent)
    i.WitSetOutputRate                       0x08003264   Section        0  wit_c_sdk.o(i.WitSetOutputRate)
    i.WitStartAccCali                        0x080032c8   Section        0  wit_c_sdk.o(i.WitStartAccCali)
    i.WitStartMagCali                        0x08003318   Section        0  wit_c_sdk.o(i.WitStartMagCali)
    i.WitStopMagCali                         0x08003368   Section        0  wit_c_sdk.o(i.WitStopMagCali)
    i.WitWriteReg                            0x080033b8   Section        0  wit_c_sdk.o(i.WitWriteReg)
    i.__0vsnprintf                           0x080034f4   Section        0  printfa.o(i.__0vsnprintf)
    i.__0vsprintf                            0x08003520   Section        0  printfa.o(i.__0vsprintf)
    i.__CRC16                                0x08003544   Section        0  wit_c_sdk.o(i.__CRC16)
    __CRC16                                  0x08003545   Thumb Code    48  wit_c_sdk.o(i.__CRC16)
    i.__CaliSum                              0x0800357c   Section        0  wit_c_sdk.o(i.__CaliSum)
    __CaliSum                                0x0800357d   Thumb Code    26  wit_c_sdk.o(i.__CaliSum)
    i.__scatterload_copy                     0x08003596   Section       14  handlers.o(i.__scatterload_copy)
    i.__scatterload_null                     0x080035a4   Section        2  handlers.o(i.__scatterload_null)
    i.__scatterload_zeroinit                 0x080035a6   Section       14  handlers.o(i.__scatterload_zeroinit)
    i.__set_PRIMASK                          0x080035b4   Section        0  mavlink.o(i.__set_PRIMASK)
    __set_PRIMASK                            0x080035b5   Thumb Code     6  mavlink.o(i.__set_PRIMASK)
    i.__set_PRIMASK                          0x080035ba   Section        0  dshot.o(i.__set_PRIMASK)
    __set_PRIMASK                            0x080035bb   Thumb Code     6  dshot.o(i.__set_PRIMASK)
    i._fp_digits                             0x080035c0   Section        0  printfa.o(i._fp_digits)
    _fp_digits                               0x080035c1   Thumb Code   366  printfa.o(i._fp_digits)
    i._mav_finalize_message_chan_send        0x08003744   Section        0  mavlink.o(i._mav_finalize_message_chan_send)
    _mav_finalize_message_chan_send          0x08003745   Thumb Code   362  mavlink.o(i._mav_finalize_message_chan_send)
    i._mav_parse_error                       0x080038b4   Section        0  mavlink.o(i._mav_parse_error)
    _mav_parse_error                         0x080038b5   Thumb Code     8  mavlink.o(i._mav_parse_error)
    i._mav_trim_payload                      0x080038bc   Section        0  mavlink.o(i._mav_trim_payload)
    _mav_trim_payload                        0x080038bd   Thumb Code    24  mavlink.o(i._mav_trim_payload)
    i._mavlink_send_uart                     0x080038d4   Section        0  mavlink.o(i._mavlink_send_uart)
    _mavlink_send_uart                       0x080038d5   Thumb Code    20  mavlink.o(i._mavlink_send_uart)
    i._printf_core                           0x080038e8   Section        0  printfa.o(i._printf_core)
    _printf_core                             0x080038e9   Thumb Code  1744  printfa.o(i._printf_core)
    i._printf_post_padding                   0x08003fc4   Section        0  printfa.o(i._printf_post_padding)
    _printf_post_padding                     0x08003fc5   Thumb Code    36  printfa.o(i._printf_post_padding)
    i._printf_pre_padding                    0x08003fe8   Section        0  printfa.o(i._printf_pre_padding)
    _printf_pre_padding                      0x08003fe9   Thumb Code    46  printfa.o(i._printf_pre_padding)
    i._snputc                                0x08004016   Section        0  printfa.o(i._snputc)
    _snputc                                  0x08004017   Thumb Code    22  printfa.o(i._snputc)
    i._sputc                                 0x0800402c   Section        0  printfa.o(i._sputc)
    _sputc                                   0x0800402d   Thumb Code    10  printfa.o(i._sputc)
    i.crc_accumulate                         0x08004036   Section        0  mavlink.o(i.crc_accumulate)
    crc_accumulate                           0x08004037   Thumb Code    34  mavlink.o(i.crc_accumulate)
    i.crc_accumulate_buffer                  0x08004058   Section        0  mavlink.o(i.crc_accumulate_buffer)
    crc_accumulate_buffer                    0x08004059   Thumb Code    38  mavlink.o(i.crc_accumulate_buffer)
    i.crc_calculate                          0x0800407e   Section        0  mavlink.o(i.crc_calculate)
    crc_calculate                            0x0800407f   Thumb Code    44  mavlink.o(i.crc_calculate)
    i.delay_ms_count_get                     0x080040ac   Section        0  delay.o(i.delay_ms_count_get)
    i.delay_tick_update                      0x080040b8   Section        0  delay.o(i.delay_tick_update)
    i.dwt_init                               0x080040c8   Section        0  delay.o(i.dwt_init)
    i.main                                   0x080040fc   Section        0  main.o(i.main)
    i.mav_array_memcpy                       0x080042bc   Section        0  mavlink.o(i.mav_array_memcpy)
    mav_array_memcpy                         0x080042bd   Thumb Code    32  mavlink.o(i.mav_array_memcpy)
    i.mavlink_finalize_message               0x080042dc   Section        0  mavlink.o(i.mavlink_finalize_message)
    mavlink_finalize_message                 0x080042dd   Thumb Code    36  mavlink.o(i.mavlink_finalize_message)
    i.mavlink_finalize_message_buffer        0x08004300   Section        0  mavlink.o(i.mavlink_finalize_message_buffer)
    mavlink_finalize_message_buffer          0x08004301   Thumb Code   344  mavlink.o(i.mavlink_finalize_message_buffer)
    i.mavlink_finalize_message_chan          0x08004458   Section        0  mavlink.o(i.mavlink_finalize_message_chan)
    mavlink_finalize_message_chan            0x08004459   Thumb Code    48  mavlink.o(i.mavlink_finalize_message_chan)
    i.mavlink_frame_char_buffer              0x08004488   Section        0  mavlink.o(i.mavlink_frame_char_buffer)
    mavlink_frame_char_buffer                0x08004489   Thumb Code   838  mavlink.o(i.mavlink_frame_char_buffer)
    i.mavlink_get_channel_buffer             0x080047d0   Section        0  mavlink.o(i.mavlink_get_channel_buffer)
    mavlink_get_channel_buffer               0x080047d1   Thumb Code    14  mavlink.o(i.mavlink_get_channel_buffer)
    i.mavlink_get_channel_status             0x080047e4   Section        0  mavlink.o(i.mavlink_get_channel_status)
    mavlink_get_channel_status               0x080047e5   Thumb Code    14  mavlink.o(i.mavlink_get_channel_status)
    i.mavlink_get_msg_entry                  0x080047f8   Section        0  mavlink.o(i.mavlink_get_msg_entry)
    mavlink_get_msg_entry                    0x080047f9   Thumb Code    92  mavlink.o(i.mavlink_get_msg_entry)
    i.mavlink_msg_autopilot_version_send     0x08004858   Section        0  mavlink.o(i.mavlink_msg_autopilot_version_send)
    mavlink_msg_autopilot_version_send       0x08004859   Thumb Code   126  mavlink.o(i.mavlink_msg_autopilot_version_send)
    i.mavlink_msg_highres_imu_pack           0x080048d6   Section        0  mavlink.o(i.mavlink_msg_highres_imu_pack)
    mavlink_msg_highres_imu_pack             0x080048d7   Thumb Code   184  mavlink.o(i.mavlink_msg_highres_imu_pack)
    i.mavlink_msg_sys_status_pack_chan       0x0800498e   Section        0  mavlink.o(i.mavlink_msg_sys_status_pack_chan)
    mavlink_msg_sys_status_pack_chan         0x0800498f   Thumb Code   140  mavlink.o(i.mavlink_msg_sys_status_pack_chan)
    i.mavlink_msg_to_send_buffer             0x08004a1a   Section        0  mavlink.o(i.mavlink_msg_to_send_buffer)
    mavlink_msg_to_send_buffer               0x08004a1b   Thumb Code   210  mavlink.o(i.mavlink_msg_to_send_buffer)
    i.mavlink_parse_byte                     0x08004aec   Section        0  mavlink.o(i.mavlink_parse_byte)
    i.mavlink_parse_char                     0x08004b10   Section        0  mavlink.o(i.mavlink_parse_char)
    mavlink_parse_char                       0x08004b11   Thumb Code   118  mavlink.o(i.mavlink_parse_char)
    i.mavlink_send_battery_voltage           0x08004b88   Section        0  mavlink.o(i.mavlink_send_battery_voltage)
    i.mavlink_send_heartbeat                 0x08004c44   Section        0  mavlink.o(i.mavlink_send_heartbeat)
    i.mavlink_send_imu_attitude              0x08004cb4   Section        0  mavlink.o(i.mavlink_send_imu_attitude)
    i.mavlink_send_imu_periodic              0x08004d90   Section        0  mavlink.o(i.mavlink_send_imu_periodic)
    i.mavlink_send_message                   0x08004dfc   Section        0  mavlink.o(i.mavlink_send_message)
    i.mavlink_send_scaled_imu                0x08004e1c   Section        0  mavlink.o(i.mavlink_send_scaled_imu)
    i.mavlink_send_uart_bytes                0x08004f14   Section        0  mavlink.o(i.mavlink_send_uart_bytes)
    i.mavlink_sha256_calc                    0x08004f28   Section        0  mavlink.o(i.mavlink_sha256_calc)
    mavlink_sha256_calc                      0x08004f29   Thumb Code   474  mavlink.o(i.mavlink_sha256_calc)
    i.mavlink_sha256_final_48                0x08005108   Section        0  mavlink.o(i.mavlink_sha256_final_48)
    mavlink_sha256_final_48                  0x08005109   Thumb Code   170  mavlink.o(i.mavlink_sha256_final_48)
    i.mavlink_sha256_init                    0x080051b4   Section        0  mavlink.o(i.mavlink_sha256_init)
    mavlink_sha256_init                      0x080051b5   Thumb Code    40  mavlink.o(i.mavlink_sha256_init)
    i.mavlink_sha256_update                  0x080051fc   Section        0  mavlink.o(i.mavlink_sha256_update)
    mavlink_sha256_update                    0x080051fd   Thumb Code   152  mavlink.o(i.mavlink_sha256_update)
    i.mavlink_sign_packet                    0x08005294   Section        0  mavlink.o(i.mavlink_sign_packet)
    mavlink_sign_packet                      0x08005295   Thumb Code   150  mavlink.o(i.mavlink_sign_packet)
    i.mavlink_signature_check                0x0800532c   Section        0  mavlink.o(i.mavlink_signature_check)
    mavlink_signature_check                  0x0800532d   Thumb Code   404  mavlink.o(i.mavlink_signature_check)
    i.mavlink_start_checksum                 0x080054c4   Section        0  mavlink.o(i.mavlink_start_checksum)
    mavlink_start_checksum                   0x080054c5   Thumb Code    12  mavlink.o(i.mavlink_start_checksum)
    i.mavlink_update_checksum                0x080054d0   Section        0  mavlink.o(i.mavlink_update_checksum)
    mavlink_update_checksum                  0x080054d1   Thumb Code    16  mavlink.o(i.mavlink_update_checksum)
    i.process_mavlink_message                0x080054e0   Section        0  mavlink.o(i.process_mavlink_message)
    process_mavlink_message                  0x080054e1   Thumb Code  1252  mavlink.o(i.process_mavlink_message)
    i.systick_init                           0x080059c4   Section        0  delay.o(i.systick_init)
    i.throttle_cmd_available                 0x08005a20   Section        0  mavlink.o(i.throttle_cmd_available)
    i.throttle_cmd_dequeue                   0x08005a60   Section        0  mavlink.o(i.throttle_cmd_dequeue)
    i.throttle_cmd_enqueue                   0x08005acc   Section        0  mavlink.o(i.throttle_cmd_enqueue)
    .constdata                               0x08005b34   Section     2224  mavlink.o(.constdata)
    mavlink_sha256_constant_256              0x08005b34   Data         256  mavlink.o(.constdata)
    mavlink_message_crcs                     0x08005c34   Data        1968  mavlink.o(.constdata)
    .constdata                               0x080063e4   Section      512  wit_c_sdk.o(.constdata)
    __auchCRCHi                              0x080063e4   Data         256  wit_c_sdk.o(.constdata)
    __auchCRCLo                              0x080064e4   Data         256  wit_c_sdk.o(.constdata)
    .conststring                             0x080065e4   Section      523  wit_c_sdk.o(.conststring)
    .data                                    0x20000000   Section       20  system_stm32f4xx.o(.data)
    .data                                    0x20000014   Section       16  stm32f4xx_rcc.o(.data)
    APBAHBPrescTable                         0x20000014   Data          16  stm32f4xx_rcc.o(.data)
    .data                                    0x20000024   Section       32  mavlink.o(.data)
    cmd_head                                 0x20000024   Data           2  mavlink.o(.data)
    cmd_tail                                 0x20000026   Data           2  mavlink.o(.data)
    attitude_interval_us                     0x2000002c   Data           4  mavlink.o(.data)
    imu_hres_interval_us                     0x20000030   Data           4  mavlink.o(.data)
    attitude_stream_enabled                  0x20000034   Data           1  mavlink.o(.data)
    last_attitude_time                       0x20000038   Data           4  mavlink.o(.data)
    last_hres_time                           0x2000003c   Data           4  mavlink.o(.data)
    last_heartbeat_time                      0x20000040   Data           4  mavlink.o(.data)
    .data                                    0x20000044   Section        4  delay.o(.data)
    .data                                    0x20000048   Section        6  serial.o(.data)
    Serial_RxData                            0x20000048   Data           1  serial.o(.data)
    Serial_RxFlag                            0x20000049   Data           1  serial.o(.data)
    uart2_tx_busy                            0x2000004a   Data           1  serial.o(.data)
    uart2_tx_queue_head                      0x2000004b   Data           1  serial.o(.data)
    uart2_tx_queue_tail                      0x2000004c   Data           1  serial.o(.data)
    uart2_tx_queue_count                     0x2000004d   Data           1  serial.o(.data)
    .data                                    0x2000004e   Section        8  dshot.o(.data)
    .data                                    0x20000058   Section       16  adc.o(.data)
    .data                                    0x20000068   Section       53  wit_c_sdk.o(.data)
    p_WitSerialWriteFunc                     0x20000068   Data           4  wit_c_sdk.o(.data)
    p_WitI2cWriteFunc                        0x2000006c   Data           4  wit_c_sdk.o(.data)
    p_WitI2cReadFunc                         0x20000070   Data           4  wit_c_sdk.o(.data)
    p_WitCanWriteFunc                        0x20000074   Data           4  wit_c_sdk.o(.data)
    p_WitRegUpdateCbFunc                     0x20000078   Data           4  wit_c_sdk.o(.data)
    p_WitDelaymsFunc                         0x2000007c   Data           4  wit_c_sdk.o(.data)
    s_ucAddr                                 0x20000080   Data           1  wit_c_sdk.o(.data)
    s_uiWitDataCnt                           0x20000084   Data           4  wit_c_sdk.o(.data)
    s_uiProtoclo                             0x20000088   Data           4  wit_c_sdk.o(.data)
    s_uiReadRegIndex                         0x2000008c   Data           4  wit_c_sdk.o(.data)
    s_uiDataUpdate                           0x20000090   Data           4  wit_c_sdk.o(.data)
    s_cCmd                                   0x20000094   Data           1  wit_c_sdk.o(.data)
    s_pfPrint                                0x20000098   Data           4  wit_c_sdk.o(.data)
    s_ucRxCnt                                0x2000009c   Data           1  wit_c_sdk.o(.data)
    .data                                    0x200000a0   Section        4  led.o(.data)
    last_toggle_time                         0x200000a0   Data           4  led.o(.data)
    .bss                                     0x200000a4   Section     1704  mavlink.o(.bss)
    cmd_queue                                0x200000a4   Data         128  mavlink.o(.bss)
    m_mavlink_status                         0x20000124   Data          96  mavlink.o(.bss)
    m_mavlink_buffer                         0x20000184   Data        1164  mavlink.o(.bss)
    msg                                      0x20000610   Data         291  mavlink.o(.bss)
    status                                   0x20000734   Data          24  mavlink.o(.bss)
    .bss                                     0x2000074c   Section     2320  serial.o(.bss)
    uart2_tx_buffer                          0x2000074c   Data         256  serial.o(.bss)
    uart2_tx_queue                           0x2000084c   Data        2064  serial.o(.bss)
    .bss                                     0x2000105c   Section      288  dshot.o(.bss)
    .bss                                     0x2000117c   Section     1284  debug_output.o(.bss)
    tx_ring                                  0x2000117c   Data        1028  debug_output.o(.bss)
    print_buffer                             0x20001580   Data         256  debug_output.o(.bss)
    .bss                                     0x20001680   Section      646  wit_c_sdk.o(.bss)
    s_ucWitDataBuff                          0x20001680   Data         256  wit_c_sdk.o(.bss)
    s_tImuData                               0x200018a0   Data          52  wit_c_sdk.o(.bss)
    s_ucData                                 0x200018d4   Data          50  wit_c_sdk.o(.bss)
    STACK                                    0x20001908   Section     1024  startup_stm32f405xx.o(STACK)

    Global Symbols

    Symbol Name                              Value     Ov Type        Size  Object(Section)

    BuildAttributes$$THM_ISAv4$E$P$D$K$B$S$7EM$VFPi3$EXTD16$VFPS$VFMA$PE$A:L22UL41UL21$X:L11$S22US41US21$IEEE1$IW$USESV6$~STKCKD$USESV7$~SHL$OTIME$ROPI$IEEEX$EBA8$MICROLIB$REQ8$PRES8$EABIv2 0x00000000   Number         0  anon$$obj.o ABSOLUTE
    __ARM_use_no_argv                        0x00000000   Number         0  main.o ABSOLUTE
    __cpp_initialize__aeabi_                  - Undefined Weak Reference
    __cxa_finalize                            - Undefined Weak Reference
    __decompress                              - Undefined Weak Reference
    _clock_init                               - Undefined Weak Reference
    _microlib_exit                            - Undefined Weak Reference
    __Vectors_Size                           0x00000188   Number         0  startup_stm32f405xx.o ABSOLUTE
    __Vectors                                0x08000000   Data           4  startup_stm32f405xx.o(RESET)
    __Vectors_End                            0x08000188   Data           0  startup_stm32f405xx.o(RESET)
    __main                                   0x08000189   Thumb Code     0  entry.o(.ARM.Collect$$$$00000000)
    _main_stk                                0x08000189   Thumb Code     0  entry2.o(.ARM.Collect$$$$00000001)
    _main_scatterload                        0x0800018d   Thumb Code     0  entry5.o(.ARM.Collect$$$$00000004)
    __main_after_scatterload                 0x08000191   Thumb Code     0  entry5.o(.ARM.Collect$$$$00000004)
    _main_clock                              0x08000191   Thumb Code     0  entry7b.o(.ARM.Collect$$$$00000008)
    _main_cpp_init                           0x08000191   Thumb Code     0  entry8b.o(.ARM.Collect$$$$0000000A)
    _main_init                               0x08000191   Thumb Code     0  entry9a.o(.ARM.Collect$$$$0000000B)
    __rt_final_cpp                           0x08000199   Thumb Code     0  entry10a.o(.ARM.Collect$$$$0000000D)
    __rt_final_exit                          0x08000199   Thumb Code     0  entry11a.o(.ARM.Collect$$$$0000000F)
    Reset_Handler                            0x0800019d   Thumb Code     8  startup_stm32f405xx.o(.text)
    CAN1_RX0_IRQHandler                      0x080001b7   Thumb Code     0  startup_stm32f405xx.o(.text)
    CAN1_RX1_IRQHandler                      0x080001b7   Thumb Code     0  startup_stm32f405xx.o(.text)
    CAN1_SCE_IRQHandler                      0x080001b7   Thumb Code     0  startup_stm32f405xx.o(.text)
    CAN1_TX_IRQHandler                       0x080001b7   Thumb Code     0  startup_stm32f405xx.o(.text)
    CAN2_RX0_IRQHandler                      0x080001b7   Thumb Code     0  startup_stm32f405xx.o(.text)
    CAN2_RX1_IRQHandler                      0x080001b7   Thumb Code     0  startup_stm32f405xx.o(.text)
    CAN2_SCE_IRQHandler                      0x080001b7   Thumb Code     0  startup_stm32f405xx.o(.text)
    CAN2_TX_IRQHandler                       0x080001b7   Thumb Code     0  startup_stm32f405xx.o(.text)
    DMA1_Stream0_IRQHandler                  0x080001b7   Thumb Code     0  startup_stm32f405xx.o(.text)
    DMA1_Stream1_IRQHandler                  0x080001b7   Thumb Code     0  startup_stm32f405xx.o(.text)
    DMA1_Stream2_IRQHandler                  0x080001b7   Thumb Code     0  startup_stm32f405xx.o(.text)
    DMA1_Stream3_IRQHandler                  0x080001b7   Thumb Code     0  startup_stm32f405xx.o(.text)
    DMA1_Stream4_IRQHandler                  0x080001b7   Thumb Code     0  startup_stm32f405xx.o(.text)
    DMA1_Stream5_IRQHandler                  0x080001b7   Thumb Code     0  startup_stm32f405xx.o(.text)
    DMA1_Stream7_IRQHandler                  0x080001b7   Thumb Code     0  startup_stm32f405xx.o(.text)
    DMA2_Stream1_IRQHandler                  0x080001b7   Thumb Code     0  startup_stm32f405xx.o(.text)
    DMA2_Stream5_IRQHandler                  0x080001b7   Thumb Code     0  startup_stm32f405xx.o(.text)
    DMA2_Stream6_IRQHandler                  0x080001b7   Thumb Code     0  startup_stm32f405xx.o(.text)
    EXTI0_IRQHandler                         0x080001b7   Thumb Code     0  startup_stm32f405xx.o(.text)
    EXTI15_10_IRQHandler                     0x080001b7   Thumb Code     0  startup_stm32f405xx.o(.text)
    EXTI1_IRQHandler                         0x080001b7   Thumb Code     0  startup_stm32f405xx.o(.text)
    EXTI2_IRQHandler                         0x080001b7   Thumb Code     0  startup_stm32f405xx.o(.text)
    EXTI3_IRQHandler                         0x080001b7   Thumb Code     0  startup_stm32f405xx.o(.text)
    EXTI4_IRQHandler                         0x080001b7   Thumb Code     0  startup_stm32f405xx.o(.text)
    EXTI9_5_IRQHandler                       0x080001b7   Thumb Code     0  startup_stm32f405xx.o(.text)
    FLASH_IRQHandler                         0x080001b7   Thumb Code     0  startup_stm32f405xx.o(.text)
    FMC_IRQHandler                           0x080001b7   Thumb Code     0  startup_stm32f405xx.o(.text)
    FPU_IRQHandler                           0x080001b7   Thumb Code     0  startup_stm32f405xx.o(.text)
    HASH_RNG_IRQHandler                      0x080001b7   Thumb Code     0  startup_stm32f405xx.o(.text)
    I2C1_ER_IRQHandler                       0x080001b7   Thumb Code     0  startup_stm32f405xx.o(.text)
    I2C1_EV_IRQHandler                       0x080001b7   Thumb Code     0  startup_stm32f405xx.o(.text)
    I2C2_ER_IRQHandler                       0x080001b7   Thumb Code     0  startup_stm32f405xx.o(.text)
    I2C2_EV_IRQHandler                       0x080001b7   Thumb Code     0  startup_stm32f405xx.o(.text)
    I2C3_ER_IRQHandler                       0x080001b7   Thumb Code     0  startup_stm32f405xx.o(.text)
    I2C3_EV_IRQHandler                       0x080001b7   Thumb Code     0  startup_stm32f405xx.o(.text)
    OTG_FS_IRQHandler                        0x080001b7   Thumb Code     0  startup_stm32f405xx.o(.text)
    OTG_FS_WKUP_IRQHandler                   0x080001b7   Thumb Code     0  startup_stm32f405xx.o(.text)
    OTG_HS_EP1_IN_IRQHandler                 0x080001b7   Thumb Code     0  startup_stm32f405xx.o(.text)
    OTG_HS_EP1_OUT_IRQHandler                0x080001b7   Thumb Code     0  startup_stm32f405xx.o(.text)
    OTG_HS_IRQHandler                        0x080001b7   Thumb Code     0  startup_stm32f405xx.o(.text)
    OTG_HS_WKUP_IRQHandler                   0x080001b7   Thumb Code     0  startup_stm32f405xx.o(.text)
    PVD_IRQHandler                           0x080001b7   Thumb Code     0  startup_stm32f405xx.o(.text)
    RCC_IRQHandler                           0x080001b7   Thumb Code     0  startup_stm32f405xx.o(.text)
    RTC_Alarm_IRQHandler                     0x080001b7   Thumb Code     0  startup_stm32f405xx.o(.text)
    RTC_WKUP_IRQHandler                      0x080001b7   Thumb Code     0  startup_stm32f405xx.o(.text)
    SDIO_IRQHandler                          0x080001b7   Thumb Code     0  startup_stm32f405xx.o(.text)
    SPI1_IRQHandler                          0x080001b7   Thumb Code     0  startup_stm32f405xx.o(.text)
    SPI2_IRQHandler                          0x080001b7   Thumb Code     0  startup_stm32f405xx.o(.text)
    SPI3_IRQHandler                          0x080001b7   Thumb Code     0  startup_stm32f405xx.o(.text)
    TAMP_STAMP_IRQHandler                    0x080001b7   Thumb Code     0  startup_stm32f405xx.o(.text)
    TIM1_BRK_TIM9_IRQHandler                 0x080001b7   Thumb Code     0  startup_stm32f405xx.o(.text)
    TIM1_CC_IRQHandler                       0x080001b7   Thumb Code     0  startup_stm32f405xx.o(.text)
    TIM1_TRG_COM_TIM11_IRQHandler            0x080001b7   Thumb Code     0  startup_stm32f405xx.o(.text)
    TIM1_UP_TIM10_IRQHandler                 0x080001b7   Thumb Code     0  startup_stm32f405xx.o(.text)
    TIM2_IRQHandler                          0x080001b7   Thumb Code     0  startup_stm32f405xx.o(.text)
    TIM3_IRQHandler                          0x080001b7   Thumb Code     0  startup_stm32f405xx.o(.text)
    TIM4_IRQHandler                          0x080001b7   Thumb Code     0  startup_stm32f405xx.o(.text)
    TIM5_IRQHandler                          0x080001b7   Thumb Code     0  startup_stm32f405xx.o(.text)
    TIM8_BRK_TIM12_IRQHandler                0x080001b7   Thumb Code     0  startup_stm32f405xx.o(.text)
    TIM8_CC_IRQHandler                       0x080001b7   Thumb Code     0  startup_stm32f405xx.o(.text)
    TIM8_TRG_COM_TIM14_IRQHandler            0x080001b7   Thumb Code     0  startup_stm32f405xx.o(.text)
    TIM8_UP_TIM13_IRQHandler                 0x080001b7   Thumb Code     0  startup_stm32f405xx.o(.text)
    UART4_IRQHandler                         0x080001b7   Thumb Code     0  startup_stm32f405xx.o(.text)
    USART3_IRQHandler                        0x080001b7   Thumb Code     0  startup_stm32f405xx.o(.text)
    USART6_IRQHandler                        0x080001b7   Thumb Code     0  startup_stm32f405xx.o(.text)
    WWDG_IRQHandler                          0x080001b7   Thumb Code     0  startup_stm32f405xx.o(.text)
    __aeabi_memcpy                           0x080001c1   Thumb Code    36  memcpya.o(.text)
    __aeabi_memcpy4                          0x080001c1   Thumb Code     0  memcpya.o(.text)
    __aeabi_memcpy8                          0x080001c1   Thumb Code     0  memcpya.o(.text)
    __aeabi_memset                           0x080001e5   Thumb Code    14  memseta.o(.text)
    __aeabi_memset4                          0x080001e5   Thumb Code     0  memseta.o(.text)
    __aeabi_memset8                          0x080001e5   Thumb Code     0  memseta.o(.text)
    __aeabi_memclr                           0x080001f3   Thumb Code     4  memseta.o(.text)
    __aeabi_memclr4                          0x080001f3   Thumb Code     0  memseta.o(.text)
    __aeabi_memclr8                          0x080001f3   Thumb Code     0  memseta.o(.text)
    _memset$wrapper                          0x080001f7   Thumb Code    18  memseta.o(.text)
    memcmp                                   0x08000209   Thumb Code    26  memcmp.o(.text)
    __aeabi_uidiv                            0x08000223   Thumb Code     0  uidiv.o(.text)
    __aeabi_uidivmod                         0x08000223   Thumb Code    44  uidiv.o(.text)
    __aeabi_uldivmod                         0x0800024f   Thumb Code    98  uldiv.o(.text)
    __I$use$fp                               0x080002b1   Thumb Code     0  iusefp.o(.text)
    __aeabi_dadd                             0x080002b1   Thumb Code   322  dadd.o(.text)
    __aeabi_dsub                             0x080003f3   Thumb Code     6  dadd.o(.text)
    __aeabi_drsub                            0x080003f9   Thumb Code     6  dadd.o(.text)
    __aeabi_dmul                             0x080003ff   Thumb Code   228  dmul.o(.text)
    __aeabi_ddiv                             0x080004e3   Thumb Code   222  ddiv.o(.text)
    __aeabi_d2ulz                            0x080005c1   Thumb Code    48  dfixul.o(.text)
    __aeabi_cdrcmple                         0x080005f1   Thumb Code    48  cdrcmple.o(.text)
    __scatterload                            0x08000621   Thumb Code    28  init.o(.text)
    __scatterload_rt2                        0x08000621   Thumb Code     0  init.o(.text)
    __aeabi_llsl                             0x08000645   Thumb Code    30  llshl.o(.text)
    _ll_shift_l                              0x08000645   Thumb Code     0  llshl.o(.text)
    __aeabi_llsr                             0x08000663   Thumb Code    32  llushr.o(.text)
    _ll_ushift_r                             0x08000663   Thumb Code     0  llushr.o(.text)
    __aeabi_lasr                             0x08000683   Thumb Code    36  llsshr.o(.text)
    _ll_sshift_r                             0x08000683   Thumb Code     0  llsshr.o(.text)
    _double_round                            0x080006a7   Thumb Code    30  depilogue.o(.text)
    _double_epilogue                         0x080006c5   Thumb Code   156  depilogue.o(.text)
    ADC_ClearITPendingBit                    0x08000761   Thumb Code    10  stm32f4xx_adc.o(i.ADC_ClearITPendingBit)
    ADC_Cmd                                  0x0800076b   Thumb Code    22  stm32f4xx_adc.o(i.ADC_Cmd)
    ADC_CommonInit                           0x08000781   Thumb Code    34  stm32f4xx_adc.o(i.ADC_CommonInit)
    ADC_Config                               0x080007b1   Thumb Code   334  adc.o(i.ADC_Config)
    ADC_DMACmd                               0x08000929   Thumb Code    22  stm32f4xx_adc.o(i.ADC_DMACmd)
    ADC_GetBatteryVoltage                    0x08000941   Thumb Code    58  adc.o(i.ADC_GetBatteryVoltage)
    ADC_GetITStatus                          0x08000989   Thumb Code    38  stm32f4xx_adc.o(i.ADC_GetITStatus)
    ADC_IRQHandler                           0x080009b1   Thumb Code    36  adc.o(i.ADC_IRQHandler)
    ADC_ITConfig                             0x080009dd   Thumb Code    32  stm32f4xx_adc.o(i.ADC_ITConfig)
    ADC_Init                                 0x080009fd   Thumb Code    74  stm32f4xx_adc.o(i.ADC_Init)
    ADC_RegularChannelConfig                 0x08000a51   Thumb Code   184  stm32f4xx_adc.o(i.ADC_RegularChannelConfig)
    ADC_SoftwareStartConv                    0x08000b09   Thumb Code    10  stm32f4xx_adc.o(i.ADC_SoftwareStartConv)
    BusFault_Handler                         0x08000b13   Thumb Code     4  stm32f4xx_it.o(i.BusFault_Handler)
    CheckRange                               0x08000b17   Thumb Code    18  wit_c_sdk.o(i.CheckRange)
    DMA1_Stream6_IRQHandler                  0x08000d8d   Thumb Code    42  serial.o(i.DMA1_Stream6_IRQHandler)
    DMA2_Stream0_IRQHandler                  0x08000dc9   Thumb Code    38  adc.o(i.DMA2_Stream0_IRQHandler)
    DMA2_Stream2_IRQHandler                  0x08000e01   Thumb Code    22  dshot.o(i.DMA2_Stream2_IRQHandler)
    DMA2_Stream3_IRQHandler                  0x08000e21   Thumb Code    22  dshot.o(i.DMA2_Stream3_IRQHandler)
    DMA2_Stream4_IRQHandler                  0x08000e41   Thumb Code    22  dshot.o(i.DMA2_Stream4_IRQHandler)
    DMA2_Stream7_IRQHandler                  0x08000e61   Thumb Code    22  dshot.o(i.DMA2_Stream7_IRQHandler)
    DMA_ClearITPendingBit                    0x08000e81   Thumb Code    38  stm32f4xx_dma.o(i.DMA_ClearITPendingBit)
    DMA_Cmd                                  0x08000eb5   Thumb Code    22  stm32f4xx_dma.o(i.DMA_Cmd)
    DMA_DeInit                               0x08000ecd   Thumb Code   324  stm32f4xx_dma.o(i.DMA_DeInit)
    DMA_GetCmdStatus                         0x08001025   Thumb Code    20  stm32f4xx_dma.o(i.DMA_GetCmdStatus)
    DMA_GetITStatus                          0x08001039   Thumb Code    82  stm32f4xx_dma.o(i.DMA_GetITStatus)
    DMA_ITConfig                             0x0800109d   Thumb Code    58  stm32f4xx_dma.o(i.DMA_ITConfig)
    DMA_Init                                 0x080010d9   Thumb Code    82  stm32f4xx_dma.o(i.DMA_Init)
    DMA_SetCurrDataCounter                   0x08001131   Thumb Code     4  stm32f4xx_dma.o(i.DMA_SetCurrDataCounter)
    DShot_Init                               0x0800118d   Thumb Code   388  dshot.o(i.DShot_Init)
    DShot_UpdateAllChannels                  0x08001329   Thumb Code   138  dshot.o(i.DShot_UpdateAllChannels)
    DebugMon_Handler                         0x080013c9   Thumb Code     2  stm32f4xx_it.o(i.DebugMon_Handler)
    Debug_Init                               0x080013cd   Thumb Code    26  debug_output.o(i.Debug_Init)
    Debug_Process                            0x080013ed   Thumb Code    80  debug_output.o(i.Debug_Process)
    Delay_ms                                 0x08001451   Thumb Code    24  delay.o(i.Delay_ms)
    Delay_us                                 0x08001469   Thumb Code    34  delay.o(i.Delay_us)
    GPIO_Init                                0x08001499   Thumb Code   144  stm32f4xx_gpio.o(i.GPIO_Init)
    GPIO_PinAFConfig                         0x08001529   Thumb Code    70  stm32f4xx_gpio.o(i.GPIO_PinAFConfig)
    GPIO_ResetBits                           0x0800156f   Thumb Code     4  stm32f4xx_gpio.o(i.GPIO_ResetBits)
    GPIO_SetBits                             0x08001573   Thumb Code     4  stm32f4xx_gpio.o(i.GPIO_SetBits)
    GPIO_ToggleBits                          0x08001577   Thumb Code     8  stm32f4xx_gpio.o(i.GPIO_ToggleBits)
    HardFault_Handler                        0x0800157f   Thumb Code     4  stm32f4xx_it.o(i.HardFault_Handler)
    LED_blink_handler                        0x080015b9   Thumb Code    30  led.o(i.LED_blink_handler)
    LED_heartbeat_sync                       0x080015dd   Thumb Code     8  led.o(i.LED_heartbeat_sync)
    LED_init                                 0x080015e5   Thumb Code    52  led.o(i.LED_init)
    LED_off                                  0x0800161d   Thumb Code    12  led.o(i.LED_off)
    LED_on                                   0x0800162d   Thumb Code    12  led.o(i.LED_on)
    LED_toggle                               0x0800163d   Thumb Code    12  led.o(i.LED_toggle)
    MYDMA_Config                             0x0800164d   Thumb Code   430  tim.o(i.MYDMA_Config)
    MemManage_Handler                        0x08001809   Thumb Code     4  stm32f4xx_it.o(i.MemManage_Handler)
    NMI_Handler                              0x0800180d   Thumb Code     2  stm32f4xx_it.o(i.NMI_Handler)
    NVIC_Init                                0x08001811   Thumb Code   106  misc.o(i.NVIC_Init)
    NVIC_PriorityGroupConfig                 0x08001889   Thumb Code    10  misc.o(i.NVIC_PriorityGroupConfig)
    PendSV_Handler                           0x080018c5   Thumb Code     2  stm32f4xx_it.o(i.PendSV_Handler)
    RCC_AHB1PeriphClockCmd                   0x080018c9   Thumb Code    26  stm32f4xx_rcc.o(i.RCC_AHB1PeriphClockCmd)
    RCC_APB1PeriphClockCmd                   0x080018e9   Thumb Code    26  stm32f4xx_rcc.o(i.RCC_APB1PeriphClockCmd)
    RCC_APB2PeriphClockCmd                   0x08001909   Thumb Code    26  stm32f4xx_rcc.o(i.RCC_APB2PeriphClockCmd)
    RCC_GetClocksFreq                        0x08001929   Thumb Code   214  stm32f4xx_rcc.o(i.RCC_GetClocksFreq)
    SVC_Handler                              0x08001a0d   Thumb Code     2  stm32f4xx_it.o(i.SVC_Handler)
    Serial_Printf                            0x08001a7d   Thumb Code    36  serial.o(i.Serial_Printf)
    Serial_SendByte                          0x08001aa1   Thumb Code    28  serial.o(i.Serial_SendByte)
    Serial_SendString                        0x08001ac1   Thumb Code    26  serial.o(i.Serial_SendString)
    SysTick_Handler                          0x08001bc9   Thumb Code     8  stm32f4xx_it.o(i.SysTick_Handler)
    SystemInit                               0x08001bd1   Thumb Code    88  system_stm32f4xx.o(i.SystemInit)
    TIM6_DAC_IRQHandler                      0x08001c39   Thumb Code    48  tim.o(i.TIM6_DAC_IRQHandler)
    TIM6_Init                                0x08001c6d   Thumb Code    90  tim.o(i.TIM6_Init)
    TIM7_IRQHandler                          0x08001ccd   Thumb Code    26  tim.o(i.TIM7_IRQHandler)
    TIM7_Init                                0x08001ced   Thumb Code    90  tim.o(i.TIM7_Init)
    TIM8_PWM_Init                            0x08001d4d   Thumb Code   268  tim.o(i.TIM8_PWM_Init)
    TIM_ARRPreloadConfig                     0x08001e61   Thumb Code    24  stm32f4xx_tim.o(i.TIM_ARRPreloadConfig)
    TIM_BDTRConfig                           0x08001e79   Thumb Code    32  stm32f4xx_tim.o(i.TIM_BDTRConfig)
    TIM_BDTRStructInit                       0x08001e99   Thumb Code    18  stm32f4xx_tim.o(i.TIM_BDTRStructInit)
    TIM_ClearITPendingBit                    0x08001eab   Thumb Code     6  stm32f4xx_tim.o(i.TIM_ClearITPendingBit)
    TIM_Cmd                                  0x08001eb1   Thumb Code    24  stm32f4xx_tim.o(i.TIM_Cmd)
    TIM_CtrlPWMOutputs                       0x08001ec9   Thumb Code    30  stm32f4xx_tim.o(i.TIM_CtrlPWMOutputs)
    TIM_DMACmd                               0x08001ee7   Thumb Code    18  stm32f4xx_tim.o(i.TIM_DMACmd)
    TIM_GetITStatus                          0x08001ef9   Thumb Code    34  stm32f4xx_tim.o(i.TIM_GetITStatus)
    TIM_ITConfig                             0x08001f1b   Thumb Code    18  stm32f4xx_tim.o(i.TIM_ITConfig)
    TIM_OC1Init                              0x08001f2d   Thumb Code   114  stm32f4xx_tim.o(i.TIM_OC1Init)
    TIM_OC1PreloadConfig                     0x08001fa9   Thumb Code    18  stm32f4xx_tim.o(i.TIM_OC1PreloadConfig)
    TIM_OC2Init                              0x08001fbd   Thumb Code   154  stm32f4xx_tim.o(i.TIM_OC2Init)
    TIM_OC2PreloadConfig                     0x08002061   Thumb Code    26  stm32f4xx_tim.o(i.TIM_OC2PreloadConfig)
    TIM_OC3Init                              0x0800207d   Thumb Code   150  stm32f4xx_tim.o(i.TIM_OC3Init)
    TIM_OC3PreloadConfig                     0x0800211d   Thumb Code    18  stm32f4xx_tim.o(i.TIM_OC3PreloadConfig)
    TIM_OC4Init                              0x08002131   Thumb Code   112  stm32f4xx_tim.o(i.TIM_OC4Init)
    TIM_OC4PreloadConfig                     0x080021a9   Thumb Code    26  stm32f4xx_tim.o(i.TIM_OC4PreloadConfig)
    TIM_OCStructInit                         0x080021c3   Thumb Code    20  stm32f4xx_tim.o(i.TIM_OCStructInit)
    TIM_TimeBaseInit                         0x080021d9   Thumb Code   104  stm32f4xx_tim.o(i.TIM_TimeBaseInit)
    UART5_IRQHandler                         0x0800225d   Thumb Code    32  serial.o(i.UART5_IRQHandler)
    UART5_Init                               0x08002281   Thumb Code   226  serial.o(i.UART5_Init)
    UART5_SendData                           0x08002371   Thumb Code    56  serial.o(i.UART5_SendData)
    USART1_IRQHandler                        0x080023ad   Thumb Code    44  serial.o(i.USART1_IRQHandler)
    USART1_Init                              0x080023e5   Thumb Code   170  serial.o(i.USART1_Init)
    USART2_DMA_Init                          0x08002499   Thumb Code   140  serial.o(i.USART2_DMA_Init)
    USART2_DMA_Send                          0x08002531   Thumb Code   120  serial.o(i.USART2_DMA_Send)
    USART2_IRQHandler                        0x08002665   Thumb Code    32  serial.o(i.USART2_IRQHandler)
    USART2_Init                              0x08002689   Thumb Code   168  serial.o(i.USART2_Init)
    USART_Cmd                                0x08002739   Thumb Code    24  stm32f4xx_usart.o(i.USART_Cmd)
    USART_DMACmd                             0x08002751   Thumb Code    18  stm32f4xx_usart.o(i.USART_DMACmd)
    USART_GetFlagStatus                      0x08002763   Thumb Code    26  stm32f4xx_usart.o(i.USART_GetFlagStatus)
    USART_GetITStatus                        0x0800277d   Thumb Code    84  stm32f4xx_usart.o(i.USART_GetITStatus)
    USART_ITConfig                           0x080027d1   Thumb Code    74  stm32f4xx_usart.o(i.USART_ITConfig)
    USART_Init                               0x0800281d   Thumb Code   204  stm32f4xx_usart.o(i.USART_Init)
    USART_ReceiveData                        0x080028f1   Thumb Code    10  stm32f4xx_usart.o(i.USART_ReceiveData)
    USART_SendData                           0x080028fb   Thumb Code     8  stm32f4xx_usart.o(i.USART_SendData)
    UsageFault_Handler                       0x08002903   Thumb Code     4  stm32f4xx_it.o(i.UsageFault_Handler)
    WitDelayMsRegister                       0x08002909   Thumb Code    18  wit_c_sdk.o(i.WitDelayMsRegister)
    WitImu_CmdProcess                        0x08002921   Thumb Code    16  wit_c_sdk.o(i.WitImu_CmdProcess)
    WitImu_CopeCmdData                       0x08002931   Thumb Code   116  wit_c_sdk.o(i.WitImu_CopeCmdData)
    WitImu_DataIn                            0x080029b1   Thumb Code    12  wit_c_sdk.o(i.WitImu_DataIn)
    WitImu_GetData                           0x080029bd   Thumb Code   684  wit_c_sdk.o(i.WitImu_GetData)
    WitImu_Init                              0x08002c81   Thumb Code    78  wit_c_sdk.o(i.WitImu_Init)
    WitImu_RegisterPrintCb                   0x08002d31   Thumb Code     6  wit_c_sdk.o(i.WitImu_RegisterPrintCb)
    WitImu_ShowHelp                          0x08002d3d   Thumb Code    88  wit_c_sdk.o(i.WitImu_ShowHelp)
    WitInit                                  0x08002f55   Thumb Code    30  wit_c_sdk.o(i.WitInit)
    WitRegisterCallBack                      0x08002f81   Thumb Code    18  wit_c_sdk.o(i.WitRegisterCallBack)
    WitSerialDataIn                          0x08002f99   Thumb Code   462  wit_c_sdk.o(i.WitSerialDataIn)
    WitSerialWriteRegister                   0x08003181   Thumb Code    18  wit_c_sdk.o(i.WitSerialWriteRegister)
    WitSetBandwidth                          0x08003199   Thumb Code    92  wit_c_sdk.o(i.WitSetBandwidth)
    WitSetContent                            0x080031fd   Thumb Code    94  wit_c_sdk.o(i.WitSetContent)
    WitSetOutputRate                         0x08003265   Thumb Code    92  wit_c_sdk.o(i.WitSetOutputRate)
    WitStartAccCali                          0x080032c9   Thumb Code    72  wit_c_sdk.o(i.WitStartAccCali)
    WitStartMagCali                          0x08003319   Thumb Code    72  wit_c_sdk.o(i.WitStartMagCali)
    WitStopMagCali                           0x08003369   Thumb Code    72  wit_c_sdk.o(i.WitStopMagCali)
    WitWriteReg                              0x080033b9   Thumb Code   296  wit_c_sdk.o(i.WitWriteReg)
    __0vsnprintf                             0x080034f5   Thumb Code    40  printfa.o(i.__0vsnprintf)
    __1vsnprintf                             0x080034f5   Thumb Code     0  printfa.o(i.__0vsnprintf)
    __2vsnprintf                             0x080034f5   Thumb Code     0  printfa.o(i.__0vsnprintf)
    __c89vsnprintf                           0x080034f5   Thumb Code     0  printfa.o(i.__0vsnprintf)
    vsnprintf                                0x080034f5   Thumb Code     0  printfa.o(i.__0vsnprintf)
    __0vsprintf                              0x08003521   Thumb Code    30  printfa.o(i.__0vsprintf)
    __1vsprintf                              0x08003521   Thumb Code     0  printfa.o(i.__0vsprintf)
    __2vsprintf                              0x08003521   Thumb Code     0  printfa.o(i.__0vsprintf)
    __c89vsprintf                            0x08003521   Thumb Code     0  printfa.o(i.__0vsprintf)
    vsprintf                                 0x08003521   Thumb Code     0  printfa.o(i.__0vsprintf)
    __scatterload_copy                       0x08003597   Thumb Code    14  handlers.o(i.__scatterload_copy)
    __scatterload_null                       0x080035a5   Thumb Code     2  handlers.o(i.__scatterload_null)
    __scatterload_zeroinit                   0x080035a7   Thumb Code    14  handlers.o(i.__scatterload_zeroinit)
    delay_ms_count_get                       0x080040ad   Thumb Code     6  delay.o(i.delay_ms_count_get)
    delay_tick_update                        0x080040b9   Thumb Code    12  delay.o(i.delay_tick_update)
    dwt_init                                 0x080040c9   Thumb Code    36  delay.o(i.dwt_init)
    main                                     0x080040fd   Thumb Code   204  main.o(i.main)
    mavlink_parse_byte                       0x08004aed   Thumb Code    26  mavlink.o(i.mavlink_parse_byte)
    mavlink_send_battery_voltage             0x08004b89   Thumb Code   176  mavlink.o(i.mavlink_send_battery_voltage)
    mavlink_send_heartbeat                   0x08004c45   Thumb Code   106  mavlink.o(i.mavlink_send_heartbeat)
    mavlink_send_imu_attitude                0x08004cb5   Thumb Code   210  mavlink.o(i.mavlink_send_imu_attitude)
    mavlink_send_imu_periodic                0x08004d91   Thumb Code    90  mavlink.o(i.mavlink_send_imu_periodic)
    mavlink_send_message                     0x08004dfd   Thumb Code    30  mavlink.o(i.mavlink_send_message)
    mavlink_send_scaled_imu                  0x08004e1d   Thumb Code   232  mavlink.o(i.mavlink_send_scaled_imu)
    mavlink_send_uart_bytes                  0x08004f15   Thumb Code    18  mavlink.o(i.mavlink_send_uart_bytes)
    systick_init                             0x080059c5   Thumb Code    86  delay.o(i.systick_init)
    throttle_cmd_available                   0x08005a21   Thumb Code    54  mavlink.o(i.throttle_cmd_available)
    throttle_cmd_dequeue                     0x08005a61   Thumb Code    96  mavlink.o(i.throttle_cmd_dequeue)
    throttle_cmd_enqueue                     0x08005acd   Thumb Code    92  mavlink.o(i.throttle_cmd_enqueue)
    Region$$Table$$Base                      0x080067f0   Number         0  anon$$obj.o(Region$$Table)
    Region$$Table$$Limit                     0x08006810   Number         0  anon$$obj.o(Region$$Table)
    SystemCoreClock                          0x20000000   Data           4  system_stm32f4xx.o(.data)
    AHBPrescTable                            0x20000004   Data          16  system_stm32f4xx.o(.data)
    mavlink_system                           0x20000028   Data           2  mavlink.o(.data)
    current_time_ms                          0x20000044   Data           4  delay.o(.data)
    current_throttle                         0x2000004e   Data           8  dshot.o(.data)
    adc_value                                0x20000058   Data           4  adc.o(.data)
    adc_ready                                0x2000005c   Data           1  adc.o(.data)
    dma_interrupt_count                      0x20000060   Data           4  adc.o(.data)
    adc_eoc_count                            0x20000064   Data           4  adc.o(.data)
    dshot_dma_buffer_ch1                     0x2000105c   Data          72  dshot.o(.bss)
    dshot_dma_buffer_ch2                     0x200010a4   Data          72  dshot.o(.bss)
    dshot_dma_buffer_ch3                     0x200010ec   Data          72  dshot.o(.bss)
    dshot_dma_buffer_ch4                     0x20001134   Data          72  dshot.o(.bss)
    sReg                                     0x20001780   Data         288  wit_c_sdk.o(.bss)
    __initial_sp                             0x20001d08   Data           0  startup_stm32f405xx.o(STACK)



==============================================================================

Memory Map of the image

  Image Entry point : 0x08000189

  Load Region LR_IROM1 (Base: 0x08000000, Size: 0x000068b4, Max: 0x00100000, ABSOLUTE)

    Execution Region ER_IROM1 (Exec base: 0x08000000, Load base: 0x08000000, Size: 0x00006810, Max: 0x00100000, ABSOLUTE)

    Exec Addr    Load Addr    Size         Type   Attr      Idx    E Section Name        Object

    0x08000000   0x08000000   0x00000188   Data   RO          147    RESET               startup_stm32f405xx.o
    0x08000188   0x08000188   0x00000000   Code   RO         7616  * .ARM.Collect$$$$00000000  mc_w.l(entry.o)
    0x08000188   0x08000188   0x00000004   Code   RO         7676    .ARM.Collect$$$$00000001  mc_w.l(entry2.o)
    0x0800018c   0x0800018c   0x00000004   Code   RO         7679    .ARM.Collect$$$$00000004  mc_w.l(entry5.o)
    0x08000190   0x08000190   0x00000000   Code   RO         7681    .ARM.Collect$$$$00000008  mc_w.l(entry7b.o)
    0x08000190   0x08000190   0x00000000   Code   RO         7683    .ARM.Collect$$$$0000000A  mc_w.l(entry8b.o)
    0x08000190   0x08000190   0x00000008   Code   RO         7684    .ARM.Collect$$$$0000000B  mc_w.l(entry9a.o)
    0x08000198   0x08000198   0x00000000   Code   RO         7686    .ARM.Collect$$$$0000000D  mc_w.l(entry10a.o)
    0x08000198   0x08000198   0x00000000   Code   RO         7688    .ARM.Collect$$$$0000000F  mc_w.l(entry11a.o)
    0x08000198   0x08000198   0x00000004   Code   RO         7677    .ARM.Collect$$$$00002712  mc_w.l(entry2.o)
    0x0800019c   0x0800019c   0x00000024   Code   RO          148    .text               startup_stm32f405xx.o
    0x080001c0   0x080001c0   0x00000024   Code   RO         7619    .text               mc_w.l(memcpya.o)
    0x080001e4   0x080001e4   0x00000024   Code   RO         7621    .text               mc_w.l(memseta.o)
    0x08000208   0x08000208   0x0000001a   Code   RO         7623    .text               mc_w.l(memcmp.o)
    0x08000222   0x08000222   0x0000002c   Code   RO         7691    .text               mc_w.l(uidiv.o)
    0x0800024e   0x0800024e   0x00000062   Code   RO         7693    .text               mc_w.l(uldiv.o)
    0x080002b0   0x080002b0   0x00000000   Code   RO         7702    .text               mc_w.l(iusefp.o)
    0x080002b0   0x080002b0   0x0000014e   Code   RO         7703    .text               mf_w.l(dadd.o)
    0x080003fe   0x080003fe   0x000000e4   Code   RO         7705    .text               mf_w.l(dmul.o)
    0x080004e2   0x080004e2   0x000000de   Code   RO         7707    .text               mf_w.l(ddiv.o)
    0x080005c0   0x080005c0   0x00000030   Code   RO         7709    .text               mf_w.l(dfixul.o)
    0x080005f0   0x080005f0   0x00000030   Code   RO         7711    .text               mf_w.l(cdrcmple.o)
    0x08000620   0x08000620   0x00000024   Code   RO         7713    .text               mc_w.l(init.o)
    0x08000644   0x08000644   0x0000001e   Code   RO         7715    .text               mc_w.l(llshl.o)
    0x08000662   0x08000662   0x00000020   Code   RO         7717    .text               mc_w.l(llushr.o)
    0x08000682   0x08000682   0x00000024   Code   RO         7719    .text               mc_w.l(llsshr.o)
    0x080006a6   0x080006a6   0x000000ba   Code   RO         7721    .text               mf_w.l(depilogue.o)
    0x08000760   0x08000760   0x0000000a   Code   RO          212    i.ADC_ClearITPendingBit  stm32f4xx_adc.o
    0x0800076a   0x0800076a   0x00000016   Code   RO          213    i.ADC_Cmd           stm32f4xx_adc.o
    0x08000780   0x08000780   0x00000030   Code   RO          214    i.ADC_CommonInit    stm32f4xx_adc.o
    0x080007b0   0x080007b0   0x00000178   Code   RO         7153    i.ADC_Config        adc.o
    0x08000928   0x08000928   0x00000016   Code   RO          217    i.ADC_DMACmd        stm32f4xx_adc.o
    0x0800093e   0x0800093e   0x00000002   PAD
    0x08000940   0x08000940   0x00000048   Code   RO         7154    i.ADC_GetBatteryVoltage  adc.o
    0x08000988   0x08000988   0x00000026   Code   RO          227    i.ADC_GetITStatus   stm32f4xx_adc.o
    0x080009ae   0x080009ae   0x00000002   PAD
    0x080009b0   0x080009b0   0x0000002c   Code   RO         7156    i.ADC_IRQHandler    adc.o
    0x080009dc   0x080009dc   0x00000020   Code   RO          232    i.ADC_ITConfig      stm32f4xx_adc.o
    0x080009fc   0x080009fc   0x00000054   Code   RO          233    i.ADC_Init          stm32f4xx_adc.o
    0x08000a50   0x08000a50   0x000000b8   Code   RO          238    i.ADC_RegularChannelConfig  stm32f4xx_adc.o
    0x08000b08   0x08000b08   0x0000000a   Code   RO          240    i.ADC_SoftwareStartConv  stm32f4xx_adc.o
    0x08000b12   0x08000b12   0x00000004   Code   RO         5723    i.BusFault_Handler  stm32f4xx_it.o
    0x08000b16   0x08000b16   0x00000012   Code   RO         7309    i.CheckRange        wit_c_sdk.o
    0x08000b28   0x08000b28   0x0000015c   Code   RO         7310    i.CmdProcess        wit_c_sdk.o
    0x08000c84   0x08000c84   0x000000ec   Code   RO         7311    i.CopeWitData       wit_c_sdk.o
    0x08000d70   0x08000d70   0x0000001a   Code   RO         7030    i.Custom_CRC4       dshot.o
    0x08000d8a   0x08000d8a   0x00000002   PAD
    0x08000d8c   0x08000d8c   0x0000003c   Code   RO         6283    i.DMA1_Stream6_IRQHandler  serial.o
    0x08000dc8   0x08000dc8   0x00000038   Code   RO         7158    i.DMA2_Stream0_IRQHandler  adc.o
    0x08000e00   0x08000e00   0x00000020   Code   RO         7031    i.DMA2_Stream2_IRQHandler  dshot.o
    0x08000e20   0x08000e20   0x00000020   Code   RO         7032    i.DMA2_Stream3_IRQHandler  dshot.o
    0x08000e40   0x08000e40   0x00000020   Code   RO         7033    i.DMA2_Stream4_IRQHandler  dshot.o
    0x08000e60   0x08000e60   0x00000020   Code   RO         7034    i.DMA2_Stream7_IRQHandler  dshot.o
    0x08000e80   0x08000e80   0x00000034   Code   RO         1233    i.DMA_ClearITPendingBit  stm32f4xx_dma.o
    0x08000eb4   0x08000eb4   0x00000016   Code   RO         1234    i.DMA_Cmd           stm32f4xx_dma.o
    0x08000eca   0x08000eca   0x00000002   PAD
    0x08000ecc   0x08000ecc   0x00000158   Code   RO         1235    i.DMA_DeInit        stm32f4xx_dma.o
    0x08001024   0x08001024   0x00000014   Code   RO         1239    i.DMA_GetCmdStatus  stm32f4xx_dma.o
    0x08001038   0x08001038   0x00000064   Code   RO         1244    i.DMA_GetITStatus   stm32f4xx_dma.o
    0x0800109c   0x0800109c   0x0000003a   Code   RO         1245    i.DMA_ITConfig      stm32f4xx_dma.o
    0x080010d6   0x080010d6   0x00000002   PAD
    0x080010d8   0x080010d8   0x00000058   Code   RO         1246    i.DMA_Init          stm32f4xx_dma.o
    0x08001130   0x08001130   0x00000004   Code   RO         1249    i.DMA_SetCurrDataCounter  stm32f4xx_dma.o
    0x08001134   0x08001134   0x0000001c   Code   RO         7035    i.DShot_BuildFrame  dshot.o
    0x08001150   0x08001150   0x0000003c   Code   RO         7036    i.DShot_FillDMABuffer  dshot.o
    0x0800118c   0x0800118c   0x0000019c   Code   RO         7039    i.DShot_Init        dshot.o
    0x08001328   0x08001328   0x000000a0   Code   RO         7043    i.DShot_UpdateAllChannels  dshot.o
    0x080013c8   0x080013c8   0x00000002   Code   RO         5724    i.DebugMon_Handler  stm32f4xx_it.o
    0x080013ca   0x080013ca   0x00000002   PAD
    0x080013cc   0x080013cc   0x00000020   Code   RO         7268    i.Debug_Init        debug_output.o
    0x080013ec   0x080013ec   0x00000058   Code   RO         7270    i.Debug_Process     debug_output.o
    0x08001444   0x08001444   0x0000000c   Code   RO         7312    i.DelayMs_Callback  wit_c_sdk.o
    0x08001450   0x08001450   0x00000018   Code   RO         6199    i.Delay_ms          delay.o
    0x08001468   0x08001468   0x00000030   Code   RO         6201    i.Delay_us          delay.o
    0x08001498   0x08001498   0x00000090   Code   RO         1899    i.GPIO_Init         stm32f4xx_gpio.o
    0x08001528   0x08001528   0x00000046   Code   RO         1900    i.GPIO_PinAFConfig  stm32f4xx_gpio.o
    0x0800156e   0x0800156e   0x00000004   Code   RO         1906    i.GPIO_ResetBits    stm32f4xx_gpio.o
    0x08001572   0x08001572   0x00000004   Code   RO         1907    i.GPIO_SetBits      stm32f4xx_gpio.o
    0x08001576   0x08001576   0x00000008   Code   RO         1909    i.GPIO_ToggleBits   stm32f4xx_gpio.o
    0x0800157e   0x0800157e   0x00000004   Code   RO         5725    i.HardFault_Handler  stm32f4xx_it.o
    0x08001582   0x08001582   0x00000002   PAD
    0x08001584   0x08001584   0x00000034   Code   RO         7313    i.Imu_Printf        wit_c_sdk.o
    0x080015b8   0x080015b8   0x00000024   Code   RO         7549    i.LED_blink_handler  led.o
    0x080015dc   0x080015dc   0x00000008   Code   RO         7550    i.LED_heartbeat_sync  led.o
    0x080015e4   0x080015e4   0x00000038   Code   RO         7551    i.LED_init          led.o
    0x0800161c   0x0800161c   0x00000010   Code   RO         7552    i.LED_off           led.o
    0x0800162c   0x0800162c   0x00000010   Code   RO         7553    i.LED_on            led.o
    0x0800163c   0x0800163c   0x00000010   Code   RO         7554    i.LED_toggle        led.o
    0x0800164c   0x0800164c   0x000001bc   Code   RO         6967    i.MYDMA_Config      tim.o
    0x08001808   0x08001808   0x00000004   Code   RO         5726    i.MemManage_Handler  stm32f4xx_it.o
    0x0800180c   0x0800180c   0x00000002   Code   RO         5727    i.NMI_Handler       stm32f4xx_it.o
    0x0800180e   0x0800180e   0x00000002   PAD
    0x08001810   0x08001810   0x00000078   Code   RO          155    i.NVIC_Init         misc.o
    0x08001888   0x08001888   0x00000014   Code   RO          156    i.NVIC_PriorityGroupConfig  misc.o
    0x0800189c   0x0800189c   0x00000028   Code   RO         6202    i.NVIC_SetPriority  delay.o
    0x080018c4   0x080018c4   0x00000002   Code   RO         5728    i.PendSV_Handler    stm32f4xx_it.o
    0x080018c6   0x080018c6   0x00000002   PAD
    0x080018c8   0x080018c8   0x00000020   Code   RO         2825    i.RCC_AHB1PeriphClockCmd  stm32f4xx_rcc.o
    0x080018e8   0x080018e8   0x00000020   Code   RO         2834    i.RCC_APB1PeriphClockCmd  stm32f4xx_rcc.o
    0x08001908   0x08001908   0x00000020   Code   RO         2837    i.RCC_APB2PeriphClockCmd  stm32f4xx_rcc.o
    0x08001928   0x08001928   0x000000e4   Code   RO         2846    i.RCC_GetClocksFreq  stm32f4xx_rcc.o
    0x08001a0c   0x08001a0c   0x00000002   Code   RO         5729    i.SVC_Handler       stm32f4xx_it.o
    0x08001a0e   0x08001a0e   0x00000002   PAD
    0x08001a10   0x08001a10   0x0000005c   Code   RO         7314    i.SensorDataUpdata  wit_c_sdk.o
    0x08001a6c   0x08001a6c   0x00000010   Code   RO         7315    i.SensorUartSend    wit_c_sdk.o
    0x08001a7c   0x08001a7c   0x00000024   Code   RO         6288    i.Serial_Printf     serial.o
    0x08001aa0   0x08001aa0   0x00000020   Code   RO         6290    i.Serial_SendByte   serial.o
    0x08001ac0   0x08001ac0   0x0000001a   Code   RO         6292    i.Serial_SendString  serial.o
    0x08001ada   0x08001ada   0x00000002   PAD
    0x08001adc   0x08001adc   0x000000ec   Code   RO            4    i.SetSysClock       system_stm32f4xx.o
    0x08001bc8   0x08001bc8   0x00000008   Code   RO         5730    i.SysTick_Handler   stm32f4xx_it.o
    0x08001bd0   0x08001bd0   0x00000068   Code   RO            6    i.SystemInit        system_stm32f4xx.o
    0x08001c38   0x08001c38   0x00000034   Code   RO         6968    i.TIM6_DAC_IRQHandler  tim.o
    0x08001c6c   0x08001c6c   0x00000060   Code   RO         6969    i.TIM6_Init         tim.o
    0x08001ccc   0x08001ccc   0x00000020   Code   RO         6970    i.TIM7_IRQHandler   tim.o
    0x08001cec   0x08001cec   0x00000060   Code   RO         6971    i.TIM7_Init         tim.o
    0x08001d4c   0x08001d4c   0x00000114   Code   RO         6972    i.TIM8_PWM_Init     tim.o
    0x08001e60   0x08001e60   0x00000018   Code   RO         4209    i.TIM_ARRPreloadConfig  stm32f4xx_tim.o
    0x08001e78   0x08001e78   0x00000020   Code   RO         4210    i.TIM_BDTRConfig    stm32f4xx_tim.o
    0x08001e98   0x08001e98   0x00000012   Code   RO         4211    i.TIM_BDTRStructInit  stm32f4xx_tim.o
    0x08001eaa   0x08001eaa   0x00000006   Code   RO         4216    i.TIM_ClearITPendingBit  stm32f4xx_tim.o
    0x08001eb0   0x08001eb0   0x00000018   Code   RO         4221    i.TIM_Cmd           stm32f4xx_tim.o
    0x08001ec8   0x08001ec8   0x0000001e   Code   RO         4223    i.TIM_CtrlPWMOutputs  stm32f4xx_tim.o
    0x08001ee6   0x08001ee6   0x00000012   Code   RO         4224    i.TIM_DMACmd        stm32f4xx_tim.o
    0x08001ef8   0x08001ef8   0x00000022   Code   RO         4242    i.TIM_GetITStatus   stm32f4xx_tim.o
    0x08001f1a   0x08001f1a   0x00000012   Code   RO         4246    i.TIM_ITConfig      stm32f4xx_tim.o
    0x08001f2c   0x08001f2c   0x0000007c   Code   RO         4250    i.TIM_OC1Init       stm32f4xx_tim.o
    0x08001fa8   0x08001fa8   0x00000012   Code   RO         4253    i.TIM_OC1PreloadConfig  stm32f4xx_tim.o
    0x08001fba   0x08001fba   0x00000002   PAD
    0x08001fbc   0x08001fbc   0x000000a4   Code   RO         4255    i.TIM_OC2Init       stm32f4xx_tim.o
    0x08002060   0x08002060   0x0000001a   Code   RO         4258    i.TIM_OC2PreloadConfig  stm32f4xx_tim.o
    0x0800207a   0x0800207a   0x00000002   PAD
    0x0800207c   0x0800207c   0x000000a0   Code   RO         4260    i.TIM_OC3Init       stm32f4xx_tim.o
    0x0800211c   0x0800211c   0x00000012   Code   RO         4263    i.TIM_OC3PreloadConfig  stm32f4xx_tim.o
    0x0800212e   0x0800212e   0x00000002   PAD
    0x08002130   0x08002130   0x00000078   Code   RO         4265    i.TIM_OC4Init       stm32f4xx_tim.o
    0x080021a8   0x080021a8   0x0000001a   Code   RO         4267    i.TIM_OC4PreloadConfig  stm32f4xx_tim.o
    0x080021c2   0x080021c2   0x00000014   Code   RO         4268    i.TIM_OCStructInit  stm32f4xx_tim.o
    0x080021d6   0x080021d6   0x00000002   PAD
    0x080021d8   0x080021d8   0x00000084   Code   RO         4293    i.TIM_TimeBaseInit  stm32f4xx_tim.o
    0x0800225c   0x0800225c   0x00000024   Code   RO         6293    i.UART5_IRQHandler  serial.o
    0x08002280   0x08002280   0x000000f0   Code   RO         6294    i.UART5_Init        serial.o
    0x08002370   0x08002370   0x0000003c   Code   RO         6295    i.UART5_SendData    serial.o
    0x080023ac   0x080023ac   0x00000038   Code   RO         6296    i.USART1_IRQHandler  serial.o
    0x080023e4   0x080023e4   0x000000b4   Code   RO         6297    i.USART1_Init       serial.o
    0x08002498   0x08002498   0x00000098   Code   RO         6298    i.USART2_DMA_Init   serial.o
    0x08002530   0x08002530   0x00000088   Code   RO         6299    i.USART2_DMA_Send   serial.o
    0x080025b8   0x080025b8   0x000000ac   Code   RO         6300    i.USART2_DMA_Send_Next  serial.o
    0x08002664   0x08002664   0x00000024   Code   RO         6301    i.USART2_IRQHandler  serial.o
    0x08002688   0x08002688   0x000000b0   Code   RO         6302    i.USART2_Init       serial.o
    0x08002738   0x08002738   0x00000018   Code   RO         4775    i.USART_Cmd         stm32f4xx_usart.o
    0x08002750   0x08002750   0x00000012   Code   RO         4776    i.USART_DMACmd      stm32f4xx_usart.o
    0x08002762   0x08002762   0x0000001a   Code   RO         4778    i.USART_GetFlagStatus  stm32f4xx_usart.o
    0x0800277c   0x0800277c   0x00000054   Code   RO         4779    i.USART_GetITStatus  stm32f4xx_usart.o
    0x080027d0   0x080027d0   0x0000004a   Code   RO         4781    i.USART_ITConfig    stm32f4xx_usart.o
    0x0800281a   0x0800281a   0x00000002   PAD
    0x0800281c   0x0800281c   0x000000d4   Code   RO         4782    i.USART_Init        stm32f4xx_usart.o
    0x080028f0   0x080028f0   0x0000000a   Code   RO         4789    i.USART_ReceiveData  stm32f4xx_usart.o
    0x080028fa   0x080028fa   0x00000008   Code   RO         4792    i.USART_SendData    stm32f4xx_usart.o
    0x08002902   0x08002902   0x00000004   Code   RO         5731    i.UsageFault_Handler  stm32f4xx_it.o
    0x08002906   0x08002906   0x00000002   PAD
    0x08002908   0x08002908   0x00000018   Code   RO         7319    i.WitDelayMsRegister  wit_c_sdk.o
    0x08002920   0x08002920   0x00000010   Code   RO         7321    i.WitImu_CmdProcess  wit_c_sdk.o
    0x08002930   0x08002930   0x00000080   Code   RO         7322    i.WitImu_CopeCmdData  wit_c_sdk.o
    0x080029b0   0x080029b0   0x0000000c   Code   RO         7323    i.WitImu_DataIn     wit_c_sdk.o
    0x080029bc   0x080029bc   0x000002c4   Code   RO         7324    i.WitImu_GetData    wit_c_sdk.o
    0x08002c80   0x08002c80   0x0000009c   Code   RO         7325    i.WitImu_Init       wit_c_sdk.o
    0x08002d1c   0x08002d1c   0x00000014   Code   RO         7326    i.WitImu_Print      wit_c_sdk.o
    0x08002d30   0x08002d30   0x0000000c   Code   RO         7327    i.WitImu_RegisterPrintCb  wit_c_sdk.o
    0x08002d3c   0x08002d3c   0x00000218   Code   RO         7328    i.WitImu_ShowHelp   wit_c_sdk.o
    0x08002f54   0x08002f54   0x0000002c   Code   RO         7329    i.WitInit           wit_c_sdk.o
    0x08002f80   0x08002f80   0x00000018   Code   RO         7331    i.WitRegisterCallBack  wit_c_sdk.o
    0x08002f98   0x08002f98   0x000001e8   Code   RO         7332    i.WitSerialDataIn   wit_c_sdk.o
    0x08003180   0x08003180   0x00000018   Code   RO         7333    i.WitSerialWriteRegister  wit_c_sdk.o
    0x08003198   0x08003198   0x00000064   Code   RO         7334    i.WitSetBandwidth   wit_c_sdk.o
    0x080031fc   0x080031fc   0x00000068   Code   RO         7336    i.WitSetContent     wit_c_sdk.o
    0x08003264   0x08003264   0x00000064   Code   RO         7337    i.WitSetOutputRate  wit_c_sdk.o
    0x080032c8   0x080032c8   0x00000050   Code   RO         7339    i.WitStartAccCali   wit_c_sdk.o
    0x08003318   0x08003318   0x00000050   Code   RO         7340    i.WitStartMagCali   wit_c_sdk.o
    0x08003368   0x08003368   0x00000050   Code   RO         7342    i.WitStopMagCali    wit_c_sdk.o
    0x080033b8   0x080033b8   0x0000013c   Code   RO         7343    i.WitWriteReg       wit_c_sdk.o
    0x080034f4   0x080034f4   0x0000002c   Code   RO         7633    i.__0vsnprintf      mc_w.l(printfa.o)
    0x08003520   0x08003520   0x00000024   Code   RO         7634    i.__0vsprintf       mc_w.l(printfa.o)
    0x08003544   0x08003544   0x00000038   Code   RO         7344    i.__CRC16           wit_c_sdk.o
    0x0800357c   0x0800357c   0x0000001a   Code   RO         7345    i.__CaliSum         wit_c_sdk.o
    0x08003596   0x08003596   0x0000000e   Code   RO         7725    i.__scatterload_copy  mc_w.l(handlers.o)
    0x080035a4   0x080035a4   0x00000002   Code   RO         7726    i.__scatterload_null  mc_w.l(handlers.o)
    0x080035a6   0x080035a6   0x0000000e   Code   RO         7727    i.__scatterload_zeroinit  mc_w.l(handlers.o)
    0x080035b4   0x080035b4   0x00000006   Code   RO         5902    i.__set_PRIMASK     mavlink.o
    0x080035ba   0x080035ba   0x00000006   Code   RO         7045    i.__set_PRIMASK     dshot.o
    0x080035c0   0x080035c0   0x00000184   Code   RO         7635    i._fp_digits        mc_w.l(printfa.o)
    0x08003744   0x08003744   0x00000170   Code   RO         5903    i._mav_finalize_message_chan_send  mavlink.o
    0x080038b4   0x080038b4   0x00000008   Code   RO         5904    i._mav_parse_error  mavlink.o
    0x080038bc   0x080038bc   0x00000018   Code   RO         5905    i._mav_trim_payload  mavlink.o
    0x080038d4   0x080038d4   0x00000014   Code   RO         5906    i._mavlink_send_uart  mavlink.o
    0x080038e8   0x080038e8   0x000006dc   Code   RO         7636    i._printf_core      mc_w.l(printfa.o)
    0x08003fc4   0x08003fc4   0x00000024   Code   RO         7637    i._printf_post_padding  mc_w.l(printfa.o)
    0x08003fe8   0x08003fe8   0x0000002e   Code   RO         7638    i._printf_pre_padding  mc_w.l(printfa.o)
    0x08004016   0x08004016   0x00000016   Code   RO         7639    i._snputc           mc_w.l(printfa.o)
    0x0800402c   0x0800402c   0x0000000a   Code   RO         7640    i._sputc            mc_w.l(printfa.o)
    0x08004036   0x08004036   0x00000022   Code   RO         5907    i.crc_accumulate    mavlink.o
    0x08004058   0x08004058   0x00000026   Code   RO         5908    i.crc_accumulate_buffer  mavlink.o
    0x0800407e   0x0800407e   0x0000002c   Code   RO         5909    i.crc_calculate     mavlink.o
    0x080040aa   0x080040aa   0x00000002   PAD
    0x080040ac   0x080040ac   0x0000000c   Code   RO         6204    i.delay_ms_count_get  delay.o
    0x080040b8   0x080040b8   0x00000010   Code   RO         6205    i.delay_tick_update  delay.o
    0x080040c8   0x080040c8   0x00000034   Code   RO         6207    i.dwt_init          delay.o
    0x080040fc   0x080040fc   0x000001c0   Code   RO         5029    i.main              main.o
    0x080042bc   0x080042bc   0x00000020   Code   RO         5910    i.mav_array_memcpy  mavlink.o
    0x080042dc   0x080042dc   0x00000024   Code   RO         5911    i.mavlink_finalize_message  mavlink.o
    0x08004300   0x08004300   0x00000158   Code   RO         5912    i.mavlink_finalize_message_buffer  mavlink.o
    0x08004458   0x08004458   0x00000030   Code   RO         5913    i.mavlink_finalize_message_chan  mavlink.o
    0x08004488   0x08004488   0x00000346   Code   RO         5914    i.mavlink_frame_char_buffer  mavlink.o
    0x080047ce   0x080047ce   0x00000002   PAD
    0x080047d0   0x080047d0   0x00000014   Code   RO         5915    i.mavlink_get_channel_buffer  mavlink.o
    0x080047e4   0x080047e4   0x00000014   Code   RO         5916    i.mavlink_get_channel_status  mavlink.o
    0x080047f8   0x080047f8   0x00000060   Code   RO         5918    i.mavlink_get_msg_entry  mavlink.o
    0x08004858   0x08004858   0x0000007e   Code   RO         5920    i.mavlink_msg_autopilot_version_send  mavlink.o
    0x080048d6   0x080048d6   0x000000b8   Code   RO         5921    i.mavlink_msg_highres_imu_pack  mavlink.o
    0x0800498e   0x0800498e   0x0000008c   Code   RO         5922    i.mavlink_msg_sys_status_pack_chan  mavlink.o
    0x08004a1a   0x08004a1a   0x000000d2   Code   RO         5923    i.mavlink_msg_to_send_buffer  mavlink.o
    0x08004aec   0x08004aec   0x00000024   Code   RO         5924    i.mavlink_parse_byte  mavlink.o
    0x08004b10   0x08004b10   0x00000076   Code   RO         5925    i.mavlink_parse_char  mavlink.o
    0x08004b86   0x08004b86   0x00000002   PAD
    0x08004b88   0x08004b88   0x000000bc   Code   RO         5926    i.mavlink_send_battery_voltage  mavlink.o
    0x08004c44   0x08004c44   0x00000070   Code   RO         5927    i.mavlink_send_heartbeat  mavlink.o
    0x08004cb4   0x08004cb4   0x000000dc   Code   RO         5928    i.mavlink_send_imu_attitude  mavlink.o
    0x08004d90   0x08004d90   0x0000006c   Code   RO         5929    i.mavlink_send_imu_periodic  mavlink.o
    0x08004dfc   0x08004dfc   0x0000001e   Code   RO         5930    i.mavlink_send_message  mavlink.o
    0x08004e1a   0x08004e1a   0x00000002   PAD
    0x08004e1c   0x08004e1c   0x000000f8   Code   RO         5931    i.mavlink_send_scaled_imu  mavlink.o
    0x08004f14   0x08004f14   0x00000012   Code   RO         5932    i.mavlink_send_uart_bytes  mavlink.o
    0x08004f26   0x08004f26   0x00000002   PAD
    0x08004f28   0x08004f28   0x000001e0   Code   RO         5933    i.mavlink_sha256_calc  mavlink.o
    0x08005108   0x08005108   0x000000aa   Code   RO         5934    i.mavlink_sha256_final_48  mavlink.o
    0x080051b2   0x080051b2   0x00000002   PAD
    0x080051b4   0x080051b4   0x00000048   Code   RO         5935    i.mavlink_sha256_init  mavlink.o
    0x080051fc   0x080051fc   0x00000098   Code   RO         5936    i.mavlink_sha256_update  mavlink.o
    0x08005294   0x08005294   0x00000096   Code   RO         5937    i.mavlink_sign_packet  mavlink.o
    0x0800532a   0x0800532a   0x00000002   PAD
    0x0800532c   0x0800532c   0x00000198   Code   RO         5938    i.mavlink_signature_check  mavlink.o
    0x080054c4   0x080054c4   0x0000000c   Code   RO         5939    i.mavlink_start_checksum  mavlink.o
    0x080054d0   0x080054d0   0x00000010   Code   RO         5940    i.mavlink_update_checksum  mavlink.o
    0x080054e0   0x080054e0   0x000004e4   Code   RO         5941    i.process_mavlink_message  mavlink.o
    0x080059c4   0x080059c4   0x0000005c   Code   RO         6208    i.systick_init      delay.o
    0x08005a20   0x08005a20   0x00000040   Code   RO         5942    i.throttle_cmd_available  mavlink.o
    0x08005a60   0x08005a60   0x0000006c   Code   RO         5943    i.throttle_cmd_dequeue  mavlink.o
    0x08005acc   0x08005acc   0x00000068   Code   RO         5944    i.throttle_cmd_enqueue  mavlink.o
    0x08005b34   0x08005b34   0x000008b0   Data   RO         5946    .constdata          mavlink.o
    0x080063e4   0x080063e4   0x00000200   Data   RO         7347    .constdata          wit_c_sdk.o
    0x080065e4   0x080065e4   0x0000020b   Data   RO         7348    .conststring        wit_c_sdk.o
    0x080067ef   0x080067ef   0x00000001   PAD
    0x080067f0   0x080067f0   0x00000020   Data   RO         7723    Region$$Table       anon$$obj.o


    Execution Region RW_IRAM2 (Exec base: 0x10000000, Load base: 0x080068b4, Size: 0x00000000, Max: 0x00010000, ABSOLUTE)

    **** No section assigned to this execution region ****


    Execution Region RW_IRAM1 (Exec base: 0x20000000, Load base: 0x08006810, Size: 0x00001d08, Max: 0x00020000, ABSOLUTE)

    Exec Addr    Load Addr    Size         Type   Attr      Idx    E Section Name        Object

    0x20000000   0x08006810   0x00000014   Data   RW            7    .data               system_stm32f4xx.o
    0x20000014   0x08006824   0x00000010   Data   RW         2878    .data               stm32f4xx_rcc.o
    0x20000024   0x08006834   0x00000020   Data   RW         5947    .data               mavlink.o
    0x20000044   0x08006854   0x00000004   Data   RW         6209    .data               delay.o
    0x20000048   0x08006858   0x00000006   Data   RW         6307    .data               serial.o
    0x2000004e   0x0800685e   0x00000008   Data   RW         7047    .data               dshot.o
    0x20000056   0x08006866   0x00000002   PAD
    0x20000058   0x08006868   0x00000010   Data   RW         7159    .data               adc.o
    0x20000068   0x08006878   0x00000035   Data   RW         7349    .data               wit_c_sdk.o
    0x2000009d   0x080068ad   0x00000003   PAD
    0x200000a0   0x080068b0   0x00000004   Data   RW         7555    .data               led.o
    0x200000a4        -       0x000006a8   Zero   RW         5945    .bss                mavlink.o
    0x2000074c        -       0x00000910   Zero   RW         6305    .bss                serial.o
    0x2000105c        -       0x00000120   Zero   RW         7046    .bss                dshot.o
    0x2000117c        -       0x00000504   Zero   RW         7271    .bss                debug_output.o
    0x20001680        -       0x00000286   Zero   RW         7346    .bss                wit_c_sdk.o
    0x20001906   0x080068b4   0x00000002   PAD
    0x20001908        -       0x00000400   Zero   RW          145    STACK               startup_stm32f405xx.o


==============================================================================

Image component sizes


      Code (inc. data)   RO Data    RW Data    ZI Data      Debug   Object Name

       548         82          0         16          0       3468   adc.o
       120         14          0          0       1284       2309   debug_output.o
       284         54          0          4          0      30914   delay.o
       820         86          0          8        288       8374   dshot.o
       148         22          0          4          0       3000   led.o
       448        244          0          0          0      16162   main.o
      6702        296       2224         32       1704      81416   mavlink.o
       140         24          0          0          0       1671   misc.o
      1398        136          0          6       2320      11857   serial.o
        36          8        392          0       1024        836   startup_stm32f405xx.o
       450         24          0          0          0       7035   stm32f4xx_adc.o
       688         58          0          0          0       6487   stm32f4xx_dma.o
       230          0          0          0          0       3593   stm32f4xx_gpio.o
        32          0          0          0          0     302298   stm32f4xx_it.o
       324         32          0         16          0       4803   stm32f4xx_rcc.o
      1012         66          0          0          0      12636   stm32f4xx_tim.o
       456          8          0          0          0       6256   stm32f4xx_usart.o
       340         32          0         20          0     319433   system_stm32f4xx.o
       996         44          0          0          0       5215   tim.o
      3908        868       1035         53        646      22671   wit_c_sdk.o

    ----------------------------------------------------------------------
     19128       2098       3684        164       7268     850434   Object Totals
         0          0         32          0          0          0   (incl. Generated)
        48          0          1          5          2          0   (incl. Padding)

    ----------------------------------------------------------------------

      Code (inc. data)   RO Data    RW Data    ZI Data      Debug   Library Member Name

         0          0          0          0          0          0   entry.o
         0          0          0          0          0          0   entry10a.o
         0          0          0          0          0          0   entry11a.o
         8          4          0          0          0          0   entry2.o
         4          0          0          0          0          0   entry5.o
         0          0          0          0          0          0   entry7b.o
         0          0          0          0          0          0   entry8b.o
         8          4          0          0          0          0   entry9a.o
        30          0          0          0          0          0   handlers.o
        36          8          0          0          0         68   init.o
         0          0          0          0          0          0   iusefp.o
        30          0          0          0          0         68   llshl.o
        36          0          0          0          0         68   llsshr.o
        32          0          0          0          0         68   llushr.o
        26          0          0          0          0         80   memcmp.o
        36          0          0          0          0         68   memcpya.o
        36          0          0          0          0        108   memseta.o
      2338         90          0          0          0        664   printfa.o
        44          0          0          0          0         80   uidiv.o
        98          0          0          0          0         92   uldiv.o
        48          0          0          0          0         68   cdrcmple.o
       334          0          0          0          0        148   dadd.o
       222          0          0          0          0        100   ddiv.o
       186          0          0          0          0        176   depilogue.o
        48          0          0          0          0         68   dfixul.o
       228          0          0          0          0         96   dmul.o

    ----------------------------------------------------------------------
      3828        106          0          0          0       2020   Library Totals
         0          0          0          0          0          0   (incl. Padding)

    ----------------------------------------------------------------------

      Code (inc. data)   RO Data    RW Data    ZI Data      Debug   Library Name

      2762        106          0          0          0       1364   mc_w.l
      1066          0          0          0          0        656   mf_w.l

    ----------------------------------------------------------------------
      3828        106          0          0          0       2020   Library Totals

    ----------------------------------------------------------------------

==============================================================================


      Code (inc. data)   RO Data    RW Data    ZI Data      Debug   

     22956       2204       3684        164       7268     833766   Grand Totals
     22956       2204       3684        164       7268     833766   ELF Image Totals
     22956       2204       3684        164          0          0   ROM Totals

==============================================================================

    Total RO  Size (Code + RO Data)                26640 (  26.02kB)
    Total RW  Size (RW Data + ZI Data)              7432 (   7.26kB)
    Total ROM Size (Code + RO Data + RW Data)      26804 (  26.18kB)

==============================================================================

